Archive member included to satisfy reference by file (symbol)

c:/st/stm32cubeide_1.0.2/stm32cubeide/plugins/com.st.stm32cube.ide.mcu.externaltools.gnu-tools-for-stm32.7-2018-q2-update.win32_1.0.0.201904181610/tools/bin/../lib/gcc/arm-none-eabi/7.3.1/../../../../arm-none-eabi/lib/thumb/v7-m\libc_nano.a(lib_a-exit.o)
                              c:/st/stm32cubeide_1.0.2/stm32cubeide/plugins/com.st.stm32cube.ide.mcu.externaltools.gnu-tools-for-stm32.7-2018-q2-update.win32_1.0.0.201904181610/tools/bin/../lib/gcc/arm-none-eabi/7.3.1/../../../../arm-none-eabi/lib/thumb/v7-m/crt0.o (exit)
c:/st/stm32cubeide_1.0.2/stm32cubeide/plugins/com.st.stm32cube.ide.mcu.externaltools.gnu-tools-for-stm32.7-2018-q2-update.win32_1.0.0.201904181610/tools/bin/../lib/gcc/arm-none-eabi/7.3.1/../../../../arm-none-eabi/lib/thumb/v7-m\libc_nano.a(lib_a-impure.o)
                              c:/st/stm32cubeide_1.0.2/stm32cubeide/plugins/com.st.stm32cube.ide.mcu.externaltools.gnu-tools-for-stm32.7-2018-q2-update.win32_1.0.0.201904181610/tools/bin/../lib/gcc/arm-none-eabi/7.3.1/../../../../arm-none-eabi/lib/thumb/v7-m\libc_nano.a(lib_a-exit.o) (_global_impure_ptr)
c:/st/stm32cubeide_1.0.2/stm32cubeide/plugins/com.st.stm32cube.ide.mcu.externaltools.gnu-tools-for-stm32.7-2018-q2-update.win32_1.0.0.201904181610/tools/bin/../lib/gcc/arm-none-eabi/7.3.1/../../../../arm-none-eabi/lib/thumb/v7-m\libc_nano.a(lib_a-init.o)
                              c:/st/stm32cubeide_1.0.2/stm32cubeide/plugins/com.st.stm32cube.ide.mcu.externaltools.gnu-tools-for-stm32.7-2018-q2-update.win32_1.0.0.201904181610/tools/bin/../lib/gcc/arm-none-eabi/7.3.1/../../../../arm-none-eabi/lib/thumb/v7-m/crt0.o (__libc_init_array)
c:/st/stm32cubeide_1.0.2/stm32cubeide/plugins/com.st.stm32cube.ide.mcu.externaltools.gnu-tools-for-stm32.7-2018-q2-update.win32_1.0.0.201904181610/tools/bin/../lib/gcc/arm-none-eabi/7.3.1/../../../../arm-none-eabi/lib/thumb/v7-m\libc_nano.a(lib_a-memset.o)
                              c:/st/stm32cubeide_1.0.2/stm32cubeide/plugins/com.st.stm32cube.ide.mcu.externaltools.gnu-tools-for-stm32.7-2018-q2-update.win32_1.0.0.201904181610/tools/bin/../lib/gcc/arm-none-eabi/7.3.1/../../../../arm-none-eabi/lib/thumb/v7-m/crt0.o (memset)
c:/st/stm32cubeide_1.0.2/stm32cubeide/plugins/com.st.stm32cube.ide.mcu.externaltools.gnu-tools-for-stm32.7-2018-q2-update.win32_1.0.0.201904181610/tools/bin/../lib/gcc/arm-none-eabi/7.3.1/../../../../arm-none-eabi/lib/thumb/v7-m\libc_nano.a(lib_a-sprintf.o)
                              Src/main.o (sprintf)
c:/st/stm32cubeide_1.0.2/stm32cubeide/plugins/com.st.stm32cube.ide.mcu.externaltools.gnu-tools-for-stm32.7-2018-q2-update.win32_1.0.0.201904181610/tools/bin/../lib/gcc/arm-none-eabi/7.3.1/../../../../arm-none-eabi/lib/thumb/v7-m\libc_nano.a(lib_a-nano-svfprintf.o)
                              c:/st/stm32cubeide_1.0.2/stm32cubeide/plugins/com.st.stm32cube.ide.mcu.externaltools.gnu-tools-for-stm32.7-2018-q2-update.win32_1.0.0.201904181610/tools/bin/../lib/gcc/arm-none-eabi/7.3.1/../../../../arm-none-eabi/lib/thumb/v7-m\libc_nano.a(lib_a-sprintf.o) (_svfprintf_r)
c:/st/stm32cubeide_1.0.2/stm32cubeide/plugins/com.st.stm32cube.ide.mcu.externaltools.gnu-tools-for-stm32.7-2018-q2-update.win32_1.0.0.201904181610/tools/bin/../lib/gcc/arm-none-eabi/7.3.1/../../../../arm-none-eabi/lib/thumb/v7-m\libc_nano.a(lib_a-nano-vfprintf_i.o)
                              c:/st/stm32cubeide_1.0.2/stm32cubeide/plugins/com.st.stm32cube.ide.mcu.externaltools.gnu-tools-for-stm32.7-2018-q2-update.win32_1.0.0.201904181610/tools/bin/../lib/gcc/arm-none-eabi/7.3.1/../../../../arm-none-eabi/lib/thumb/v7-m\libc_nano.a(lib_a-nano-svfprintf.o) (_printf_i)
c:/st/stm32cubeide_1.0.2/stm32cubeide/plugins/com.st.stm32cube.ide.mcu.externaltools.gnu-tools-for-stm32.7-2018-q2-update.win32_1.0.0.201904181610/tools/bin/../lib/gcc/arm-none-eabi/7.3.1/../../../../arm-none-eabi/lib/thumb/v7-m\libc_nano.a(lib_a-memchr-stub.o)
                              c:/st/stm32cubeide_1.0.2/stm32cubeide/plugins/com.st.stm32cube.ide.mcu.externaltools.gnu-tools-for-stm32.7-2018-q2-update.win32_1.0.0.201904181610/tools/bin/../lib/gcc/arm-none-eabi/7.3.1/../../../../arm-none-eabi/lib/thumb/v7-m\libc_nano.a(lib_a-nano-svfprintf.o) (memchr)
c:/st/stm32cubeide_1.0.2/stm32cubeide/plugins/com.st.stm32cube.ide.mcu.externaltools.gnu-tools-for-stm32.7-2018-q2-update.win32_1.0.0.201904181610/tools/bin/../lib/gcc/arm-none-eabi/7.3.1/../../../../arm-none-eabi/lib/thumb/v7-m\libc_nano.a(lib_a-memcpy-stub.o)
                              c:/st/stm32cubeide_1.0.2/stm32cubeide/plugins/com.st.stm32cube.ide.mcu.externaltools.gnu-tools-for-stm32.7-2018-q2-update.win32_1.0.0.201904181610/tools/bin/../lib/gcc/arm-none-eabi/7.3.1/../../../../arm-none-eabi/lib/thumb/v7-m\libc_nano.a(lib_a-nano-svfprintf.o) (memcpy)
[...]
Memory Configuration

Name             Origin             Length             Attributes
RAM              0x0000000020000000 0x0000000000005000 xrw
FLASH            0x0000000008000000 0x0000000000010000 xr
*default*        0x0000000000000000 0xffffffffffffffff

Linker script and memory map

LOAD c:/st/stm32cubeide_1.0.2/stm32cubeide/plugins/com.st.stm32cube.ide.mcu.externaltools.gnu-tools-for-stm32.7-2018-q2-update.win32_1.0.0.201904181610/tools/bin/../lib/gcc/arm-none-eabi/7.3.1/thumb/v7-m/crti.o
LOAD c:/st/stm32cubeide_1.0.2/stm32cubeide/plugins/com.st.stm32cube.ide.mcu.externaltools.gnu-tools-for-stm32.7-2018-q2-update.win32_1.0.0.201904181610/tools/bin/../lib/gcc/arm-none-eabi/7.3.1/thumb/v7-m/crtbegin.o
LOAD c:/st/stm32cubeide_1.0.2/stm32cubeide/plugins/com.st.stm32cube.ide.mcu.externaltools.gnu-tools-for-stm32.7-2018-q2-update.win32_1.0.0.201904181610/tools/bin/../lib/gcc/arm-none-eabi/7.3.1/../../../../arm-none-eabi/lib/thumb/v7-m/crt0.o
LOAD Drivers/STM32F1xx_HAL_Driver/Src/stm32f1xx_hal.o
LOAD Drivers/STM32F1xx_HAL_Driver/Src/stm32f1xx_hal_cortex.o
LOAD Drivers/STM32F1xx_HAL_Driver/Src/stm32f1xx_hal_dma.o
LOAD Drivers/STM32F1xx_HAL_Driver/Src/stm32f1xx_hal_flash.o
LOAD Drivers/STM32F1xx_HAL_Driver/Src/stm32f1xx_hal_flash_ex.o
LOAD Drivers/STM32F1xx_HAL_Driver/Src/stm32f1xx_hal_gpio.o
LOAD Drivers/STM32F1xx_HAL_Driver/Src/stm32f1xx_hal_gpio_ex.o
LOAD Drivers/STM32F1xx_HAL_Driver/Src/stm32f1xx_hal_i2c.o
LOAD Drivers/STM32F1xx_HAL_Driver/Src/stm32f1xx_hal_pwr.o
LOAD Drivers/STM32F1xx_HAL_Driver/Src/stm32f1xx_hal_rcc.o
LOAD Drivers/STM32F1xx_HAL_Driver/Src/stm32f1xx_hal_rcc_ex.o
LOAD Drivers/STM32F1xx_HAL_Driver/Src/stm32f1xx_hal_tim.o
LOAD Drivers/STM32F1xx_HAL_Driver/Src/stm32f1xx_hal_tim_ex.o
LOAD Drivers/STM32F1xx_HAL_Driver/Src/stm32f1xx_hal_uart.o
LOAD Src/i2c-lcd.o
LOAD Src/main.o
LOAD Src/stm32f1xx_hal_msp.o
LOAD Src/stm32f1xx_it.o
LOAD Src/system_stm32f1xx.o
LOAD startup/startup_stm32f103xb.o
START GROUP
LOAD c:/st/stm32cubeide_1.0.2/stm32cubeide/plugins/com.st.stm32cube.ide.mcu.externaltools.gnu-tools-for-stm32.7-2018-q2-update.win32_1.0.0.201904181610/tools/bin/../lib/gcc/arm-none-eabi/7.3.1/../../../../arm-none-eabi/lib/thumb/v7-m\libc_nano.a
LOAD c:/st/stm32cubeide_1.0.2/stm32cubeide/plugins/com.st.stm32cube.ide.mcu.externaltools.gnu-tools-for-stm32.7-2018-q2-update.win32_1.0.0.201904181610/tools/bin/../lib/gcc/arm-none-eabi/7.3.1/../../../../arm-none-eabi/lib/thumb/v7-m\libm.a
END GROUP
START GROUP
LOAD c:/st/stm32cubeide_1.0.2/stm32cubeide/plugins/com.st.stm32cube.ide.mcu.externaltools.gnu-tools-for-stm32.7-2018-q2-update.win32_1.0.0.201904181610/tools/bin/../lib/gcc/arm-none-eabi/7.3.1/thumb/v7-m\libgcc.a
LOAD c:/st/stm32cubeide_1.0.2/stm32cubeide/plugins/com.st.stm32cube.ide.mcu.externaltools.gnu-tools-for-stm32.7-2018-q2-update.win32_1.0.0.201904181610/tools/bin/../lib/gcc/arm-none-eabi/7.3.1/../../../../arm-none-eabi/lib/thumb/v7-m\libc_nano.a
END GROUP
START GROUP
LOAD c:/st/stm32cubeide_1.0.2/stm32cubeide/plugins/com.st.stm32cube.ide.mcu.externaltools.gnu-tools-for-stm32.7-2018-q2-update.win32_1.0.0.201904181610/tools/bin/../lib/gcc/arm-none-eabi/7.3.1/thumb/v7-m\libgcc.a
LOAD c:/st/stm32cubeide_1.0.2/stm32cubeide/plugins/com.st.stm32cube.ide.mcu.externaltools.gnu-tools-for-stm32.7-2018-q2-update.win32_1.0.0.201904181610/tools/bin/../lib/gcc/arm-none-eabi/7.3.1/../../../../arm-none-eabi/lib/thumb/v7-m\libc_nano.a
LOAD c:/st/stm32cubeide_1.0.2/stm32cubeide/plugins/com.st.stm32cube.ide.mcu.externaltools.gnu-tools-for-stm32.7-2018-q2-update.win32_1.0.0.201904181610/tools/bin/../lib/gcc/arm-none-eabi/7.3.1/../../../../arm-none-eabi/lib/thumb/v7-m\libnosys.a
END GROUP
START GROUP
LOAD c:/st/stm32cubeide_1.0.2/stm32cubeide/plugins/com.st.stm32cube.ide.mcu.externaltools.gnu-tools-for-stm32.7-2018-q2-update.win32_1.0.0.201904181610/tools/bin/../lib/gcc/arm-none-eabi/7.3.1/thumb/v7-m\libgcc.a
LOAD c:/st/stm32cubeide_1.0.2/stm32cubeide/plugins/com.st.stm32cube.ide.mcu.externaltools.gnu-tools-for-stm32.7-2018-q2-update.win32_1.0.0.201904181610/tools/bin/../lib/gcc/arm-none-eabi/7.3.1/../../../../arm-none-eabi/lib/thumb/v7-m\libc_nano.a
LOAD c:/st/stm32cubeide_1.0.2/stm32cubeide/plugins/com.st.stm32cube.ide.mcu.externaltools.gnu-tools-for-stm32.7-2018-q2-update.win32_1.0.0.201904181610/tools/bin/../lib/gcc/arm-none-eabi/7.3.1/../../../../arm-none-eabi/lib/thumb/v7-m\libnosys.a
END GROUP
LOAD c:/st/stm32cubeide_1.0.2/stm32cubeide/plugins/com.st.stm32cube.ide.mcu.externaltools.gnu-tools-for-stm32.7-2018-q2-update.win32_1.0.0.201904181610/tools/bin/../lib/gcc/arm-none-eabi/7.3.1/thumb/v7-m/crtend.o
LOAD c:/st/stm32cubeide_1.0.2/stm32cubeide/plugins/com.st.stm32cube.ide.mcu.externaltools.gnu-tools-for-stm32.7-2018-q2-update.win32_1.0.0.201904181610/tools/bin/../lib/gcc/arm-none-eabi/7.3.1/thumb/v7-m/crtn.o
                0x0000000020005000                _estack = 0x20005000
                0x0000000000000200                _Min_Heap_Size = 0x200
                0x0000000000000400                _Min_Stack_Size = 0x400

.isr_vector     0x0000000008000000      0x10c
                0x0000000008000000                . = ALIGN (0x4)
 *(.isr_vector)
 .isr_vector    0x0000000008000000      0x10c startup/startup_stm32f103xb.o
                0x0000000008000000                g_pfnVectors
                0x000000000800010c                . = ALIGN (0x4)

.text           0x000000000800010c     0x3174
                0x000000000800010c                . = ALIGN (0x4)
 *(.text)
 .text          0x000000000800010c       0x40 c:/st/stm32cubeide_1.0.2/stm32cubeide/plugins/com.st.stm32cube.ide.mcu.externaltools.gnu-tools-for-stm32.7-2018-q2-update.win32_1.0.0.201904181610/tools/bin/../lib/gcc/arm-none-eabi/7.3.1/thumb/v7-m/crtbegin.o
 *(.text*)
 .text.HAL_InitTick
                0x000000000800014c       0x48 Drivers/STM32F1xx_HAL_Driver/Src/stm32f1xx_hal.o
                0x000000000800014c                HAL_InitTick
 .text.HAL_Init
                0x0000000008000194       0x24 Drivers/STM32F1xx_HAL_Driver/Src/stm32f1xx_hal.o
                0x0000000008000194                HAL_Init
 .text.HAL_IncTick
                0x00000000080001b8       0x18 Drivers/STM32F1xx_HAL_Driver/Src/stm32f1xx_hal.o
                0x00000000080001b8                HAL_IncTick
 .text.HAL_GetTick
                0x00000000080001d0        0xc Drivers/STM32F1xx_HAL_Driver/Src/stm32f1xx_hal.o
                0x00000000080001d0                HAL_GetTick
 .text.HAL_NVIC_SetPriorityGrouping
                0x00000000080001dc       0x24 Drivers/STM32F1xx_HAL_Driver/Src/stm32f1xx_hal_cortex.o
                0x00000000080001dc                HAL_NVIC_SetPriorityGrouping
 .text.HAL_NVIC_SetPriority
                0x0000000008000200       0x68 Drivers/STM32F1xx_HAL_Driver/Src/stm32f1xx_hal_cortex.o
                0x0000000008000200                HAL_NVIC_SetPriority
 .text.HAL_NVIC_EnableIRQ
                0x0000000008000268       0x18 Drivers/STM32F1xx_HAL_Driver/Src/stm32f1xx_hal_cortex.o
                0x0000000008000268                HAL_NVIC_EnableIRQ
 .text.HAL_SYSTICK_Config
                0x0000000008000280       0x2c Drivers/STM32F1xx_HAL_Driver/Src/stm32f1xx_hal_cortex.o
                0x0000000008000280                HAL_SYSTICK_Config
 .text.HAL_SYSTICK_CLKSourceConfig
                0x00000000080002ac       0x20 Drivers/STM32F1xx_HAL_Driver/Src/stm32f1xx_hal_cortex.o
                0x00000000080002ac                HAL_SYSTICK_CLKSourceConfig
 .text.HAL_SYSTICK_Callback
                0x00000000080002cc        0x2 Drivers/STM32F1xx_HAL_Driver/Src/stm32f1xx_hal_cortex.o
                0x00000000080002cc                HAL_SYSTICK_Callback
 .text.HAL_SYSTICK_IRQHandler
                0x00000000080002ce        0x8 Drivers/STM32F1xx_HAL_Driver/Src/stm32f1xx_hal_cortex.o
                0x00000000080002ce                HAL_SYSTICK_IRQHandler
 *fill*         0x00000000080002d6        0x2 
 .text.HAL_DMA_Abort_IT
                0x00000000080002d8       0x98 Drivers/STM32F1xx_HAL_Driver/Src/stm32f1xx_hal_dma.o
                0x00000000080002d8                HAL_DMA_Abort_IT
 .text.HAL_GPIO_Init
                0x0000000008000370      0x1d4 Drivers/STM32F1xx_HAL_Driver/Src/stm32f1xx_hal_gpio.o
                0x0000000008000370                HAL_GPIO_Init
 .text.HAL_GPIO_ReadPin
                0x0000000008000544        0xe Drivers/STM32F1xx_HAL_Driver/Src/stm32f1xx_hal_gpio.o
                0x0000000008000544                HAL_GPIO_ReadPin
 .text.HAL_GPIO_WritePin
                0x0000000008000552        0xc Drivers/STM32F1xx_HAL_Driver/Src/stm32f1xx_hal_gpio.o
                0x0000000008000552                HAL_GPIO_WritePin
 .text.HAL_GPIO_TogglePin
                0x000000000800055e        0x8 Drivers/STM32F1xx_HAL_Driver/Src/stm32f1xx_hal_gpio.o
                0x000000000800055e                HAL_GPIO_TogglePin
 .text.I2C_IsAcknowledgeFailed
                0x0000000008000566       0x2a Drivers/STM32F1xx_HAL_Driver/Src/stm32f1xx_hal_i2c.o
 .text.I2C_WaitOnFlagUntilTimeout
                0x0000000008000590       0x68 Drivers/STM32F1xx_HAL_Driver/Src/stm32f1xx_hal_i2c.o
 .text.I2C_WaitOnMasterAddressFlagUntilTimeout
                0x00000000080005f8       0x90 Drivers/STM32F1xx_HAL_Driver/Src/stm32f1xx_hal_i2c.o
 .text.I2C_MasterRequestWrite
                0x0000000008000688       0xbc Drivers/STM32F1xx_HAL_Driver/Src/stm32f1xx_hal_i2c.o
 .text.I2C_WaitOnTXEFlagUntilTimeout
                0x0000000008000744       0x4e Drivers/STM32F1xx_HAL_Driver/Src/stm32f1xx_hal_i2c.o
 .text.I2C_WaitOnBTFFlagUntilTimeout
                0x0000000008000792       0x4e Drivers/STM32F1xx_HAL_Driver/Src/stm32f1xx_hal_i2c.o
 .text.HAL_I2C_Init
                0x00000000080007e0      0x168 Drivers/STM32F1xx_HAL_Driver/Src/stm32f1xx_hal_i2c.o
                0x00000000080007e0                HAL_I2C_Init
 .text.HAL_I2C_Master_Transmit
                0x0000000008000948      0x184 Drivers/STM32F1xx_HAL_Driver/Src/stm32f1xx_hal_i2c.o
                0x0000000008000948                HAL_I2C_Master_Transmit
 .text.RCC_Delay
                0x0000000008000acc       0x2c Drivers/STM32F1xx_HAL_Driver/Src/stm32f1xx_hal_rcc.o
 .text.HAL_RCC_OscConfig
                0x0000000008000af8      0x3dc Drivers/STM32F1xx_HAL_Driver/Src/stm32f1xx_hal_rcc.o
                0x0000000008000af8                HAL_RCC_OscConfig
 .text.HAL_RCC_GetSysClockFreq
                0x0000000008000ed4       0x70 Drivers/STM32F1xx_HAL_Driver/Src/stm32f1xx_hal_rcc.o
                0x0000000008000ed4                HAL_RCC_GetSysClockFreq
 .text.HAL_RCC_ClockConfig
                0x0000000008000f44      0x178 Drivers/STM32F1xx_HAL_Driver/Src/stm32f1xx_hal_rcc.o
                0x0000000008000f44                HAL_RCC_ClockConfig
 .text.HAL_RCC_GetHCLKFreq
                0x00000000080010bc        0xc Drivers/STM32F1xx_HAL_Driver/Src/stm32f1xx_hal_rcc.o
                0x00000000080010bc                HAL_RCC_GetHCLKFreq
 .text.HAL_RCC_GetPCLK1Freq
                0x00000000080010c8       0x20 Drivers/STM32F1xx_HAL_Driver/Src/stm32f1xx_hal_rcc.o
                0x00000000080010c8                HAL_RCC_GetPCLK1Freq
 .text.HAL_RCC_GetPCLK2Freq
                0x00000000080010e8       0x20 Drivers/STM32F1xx_HAL_Driver/Src/stm32f1xx_hal_rcc.o
                0x00000000080010e8                HAL_RCC_GetPCLK2Freq
 .text.TIM_TI1_ConfigInputStage
                0x0000000008001108       0x24 Drivers/STM32F1xx_HAL_Driver/Src/stm32f1xx_hal_tim.o
 .text.TIM_TI2_ConfigInputStage
                0x000000000800112c       0x26 Drivers/STM32F1xx_HAL_Driver/Src/stm32f1xx_hal_tim.o
 .text.TIM_ITRx_SetConfig
                0x0000000008001152       0x10 Drivers/STM32F1xx_HAL_Driver/Src/stm32f1xx_hal_tim.o
 .text.TIM_ETR_SetConfig
                0x0000000008001162       0x16 Drivers/STM32F1xx_HAL_Driver/Src/stm32f1xx_hal_tim.o
 .text.HAL_TIM_Base_Start_IT
                0x0000000008001178       0x18 Drivers/STM32F1xx_HAL_Driver/Src/stm32f1xx_hal_tim.o
                0x0000000008001178                HAL_TIM_Base_Start_IT
 .text.HAL_TIM_Base_Stop_IT
                0x0000000008001190       0x2c Drivers/STM32F1xx_HAL_Driver/Src/stm32f1xx_hal_tim.o
                0x0000000008001190                HAL_TIM_Base_Stop_IT
 .text.HAL_TIM_ConfigClockSource
                0x00000000080011bc      0x108 Drivers/STM32F1xx_HAL_Driver/Src/stm32f1xx_hal_tim.o
                0x00000000080011bc                HAL_TIM_ConfigClockSource
 .text.HAL_TIM_OC_DelayElapsedCallback
                0x00000000080012c4        0x2 Drivers/STM32F1xx_HAL_Driver/Src/stm32f1xx_hal_tim.o
                0x00000000080012c4                HAL_TIM_OC_DelayElapsedCallback
 .text.HAL_TIM_IC_CaptureCallback
                0x00000000080012c6        0x2 Drivers/STM32F1xx_HAL_Driver/Src/stm32f1xx_hal_tim.o
                0x00000000080012c6                HAL_TIM_IC_CaptureCallback
 .text.HAL_TIM_PWM_PulseFinishedCallback
                0x00000000080012c8        0x2 Drivers/STM32F1xx_HAL_Driver/Src/stm32f1xx_hal_tim.o
                0x00000000080012c8                HAL_TIM_PWM_PulseFinishedCallback
 .text.HAL_TIM_TriggerCallback
                0x00000000080012ca        0x2 Drivers/STM32F1xx_HAL_Driver/Src/stm32f1xx_hal_tim.o
                0x00000000080012ca                HAL_TIM_TriggerCallback
 .text.HAL_TIM_IRQHandler
                0x00000000080012cc      0x17a Drivers/STM32F1xx_HAL_Driver/Src/stm32f1xx_hal_tim.o
                0x00000000080012cc                HAL_TIM_IRQHandler
 *fill*         0x0000000008001446        0x2 
 .text.TIM_Base_SetConfig
                0x0000000008001448       0x74 Drivers/STM32F1xx_HAL_Driver/Src/stm32f1xx_hal_tim.o
                0x0000000008001448                TIM_Base_SetConfig
 .text.HAL_TIM_Base_Init
                0x00000000080014bc       0x32 Drivers/STM32F1xx_HAL_Driver/Src/stm32f1xx_hal_tim.o
                0x00000000080014bc                HAL_TIM_Base_Init
 .text.HAL_TIMEx_MasterConfigSynchronization
                0x00000000080014ee       0x52 Drivers/STM32F1xx_HAL_Driver/Src/stm32f1xx_hal_tim_ex.o
                0x00000000080014ee                HAL_TIMEx_MasterConfigSynchronization
 .text.HAL_TIMEx_CommutationCallback
                0x0000000008001540        0x2 Drivers/STM32F1xx_HAL_Driver/Src/stm32f1xx_hal_tim_ex.o
                0x0000000008001540                HAL_TIMEx_CommutationCallback
 .text.HAL_TIMEx_BreakCallback
                0x0000000008001542        0x2 Drivers/STM32F1xx_HAL_Driver/Src/stm32f1xx_hal_tim_ex.o
                0x0000000008001542                HAL_TIMEx_BreakCallback
 .text.UART_EndRxTransfer
                0x0000000008001544       0x1c Drivers/STM32F1xx_HAL_Driver/Src/stm32f1xx_hal_uart.o
 .text.UART_Transmit_IT
                0x0000000008001560       0x68 Drivers/STM32F1xx_HAL_Driver/Src/stm32f1xx_hal_uart.o
 .text.UART_SetConfig
                0x00000000080015c8      0x1ac Drivers/STM32F1xx_HAL_Driver/Src/stm32f1xx_hal_uart.o
 .text.UART_WaitOnFlagUntilTimeout
                0x0000000008001774       0x62 Drivers/STM32F1xx_HAL_Driver/Src/stm32f1xx_hal_uart.o
 .text.HAL_UART_Init
                0x00000000080017d6       0x5e Drivers/STM32F1xx_HAL_Driver/Src/stm32f1xx_hal_uart.o
                0x00000000080017d6                HAL_UART_Init
 .text.HAL_UART_Transmit
                0x0000000008001834       0xe0 Drivers/STM32F1xx_HAL_Driver/Src/stm32f1xx_hal_uart.o
                0x0000000008001834                HAL_UART_Transmit
 .text.HAL_UART_TxCpltCallback
                0x0000000008001914        0x2 Drivers/STM32F1xx_HAL_Driver/Src/stm32f1xx_hal_uart.o
                0x0000000008001914                HAL_UART_TxCpltCallback
 .text.UART_EndTransmit_IT
                0x0000000008001916       0x1a Drivers/STM32F1xx_HAL_Driver/Src/stm32f1xx_hal_uart.o
 .text.HAL_UART_RxCpltCallback
                0x0000000008001930        0x2 Drivers/STM32F1xx_HAL_Driver/Src/stm32f1xx_hal_uart.o
                0x0000000008001930                HAL_UART_RxCpltCallback
 .text.UART_Receive_IT
                0x0000000008001932       0x9c Drivers/STM32F1xx_HAL_Driver/Src/stm32f1xx_hal_uart.o
 .text.HAL_UART_ErrorCallback
                0x00000000080019ce        0x2 Drivers/STM32F1xx_HAL_Driver/Src/stm32f1xx_hal_uart.o
                0x00000000080019ce                HAL_UART_ErrorCallback
 .text.HAL_UART_IRQHandler
                0x00000000080019d0      0x120 Drivers/STM32F1xx_HAL_Driver/Src/stm32f1xx_hal_uart.o
                0x00000000080019d0                HAL_UART_IRQHandler
 .text.UART_DMAAbortOnError
                0x0000000008001af0       0x10 Drivers/STM32F1xx_HAL_Driver/Src/stm32f1xx_hal_uart.o
 .text.lcd_send_cmd
                0x0000000008001b00       0x48 Src/i2c-lcd.o
                0x0000000008001b00                lcd_send_cmd
 .text.lcd_send_data
                0x0000000008001b48       0x48 Src/i2c-lcd.o
                0x0000000008001b48                lcd_send_data
 .text.lcd_init
                0x0000000008001b90       0x1c Src/i2c-lcd.o
                0x0000000008001b90                lcd_init
 .text.lcd_send_string
                0x0000000008001bac       0x14 Src/i2c-lcd.o
                0x0000000008001bac                lcd_send_string
 .text.tombolrunstop
                0x0000000008001bc0       0xd4 Src/main.o
                0x0000000008001bc0                tombolrunstop
 .text.tombolreset
                0x0000000008001c94       0xe4 Src/main.o
                0x0000000008001c94                tombolreset
 .text.sensor1  0x0000000008001d78       0xf8 Src/main.o
                0x0000000008001d78                sensor1
 .text.sensor2  0x0000000008001e70       0xf8 Src/main.o
                0x0000000008001e70                sensor2
 .text.sensor3  0x0000000008001f68      0x104 Src/main.o
                0x0000000008001f68                sensor3
 .text.Serial   0x000000000800206c      0x140 Src/main.o
                0x000000000800206c                Serial
 .text.HAL_TIM_PeriodElapsedCallback
                0x00000000080021ac      0x328 Src/main.o
                0x00000000080021ac                HAL_TIM_PeriodElapsedCallback
 .text.SystemClock_Config
                0x00000000080024d4       0x68 Src/main.o
                0x00000000080024d4                SystemClock_Config
 .text.MX_I2C2_Init
                0x000000000800253c       0x34 Src/main.o
                0x000000000800253c                MX_I2C2_Init
 .text.MX_TIM2_Init
                0x0000000008002570       0x48 Src/main.o
                0x0000000008002570                MX_TIM2_Init
 .text.MX_TIM4_Init
                0x00000000080025b8       0x4c Src/main.o
                0x00000000080025b8                MX_TIM4_Init
 .text.MX_USART1_UART_Init
                0x0000000008002604       0x2c Src/main.o
                0x0000000008002604                MX_USART1_UART_Init
 .text.MX_GPIO_Init
                0x0000000008002630       0xac Src/main.o
                0x0000000008002630                MX_GPIO_Init
 .text.main     0x00000000080026dc       0x58 Src/main.o
                0x00000000080026dc                main
 .text.HAL_MspInit
                0x0000000008002734       0xa0 Src/stm32f1xx_hal_msp.o
                0x0000000008002734                HAL_MspInit
 .text.HAL_I2C_MspInit
                0x00000000080027d4       0x4c Src/stm32f1xx_hal_msp.o
                0x00000000080027d4                HAL_I2C_MspInit
 .text.HAL_TIM_Base_MspInit
                0x0000000008002820       0x70 Src/stm32f1xx_hal_msp.o
                0x0000000008002820                HAL_TIM_Base_MspInit
 .text.HAL_UART_MspInit
                0x0000000008002890       0x6c Src/stm32f1xx_hal_msp.o
                0x0000000008002890                HAL_UART_MspInit
 .text.NMI_Handler
                0x00000000080028fc        0x2 Src/stm32f1xx_it.o
                0x00000000080028fc                NMI_Handler
 .text.HardFault_Handler
                0x00000000080028fe        0x2 Src/stm32f1xx_it.o
                0x00000000080028fe                HardFault_Handler
 .text.MemManage_Handler
                0x0000000008002900        0x2 Src/stm32f1xx_it.o
                0x0000000008002900                MemManage_Handler
 .text.BusFault_Handler
                0x0000000008002902        0x2 Src/stm32f1xx_it.o
                0x0000000008002902                BusFault_Handler
 .text.UsageFault_Handler
                0x0000000008002904        0x2 Src/stm32f1xx_it.o
                0x0000000008002904                UsageFault_Handler
 .text.SVC_Handler
                0x0000000008002906        0x2 Src/stm32f1xx_it.o
                0x0000000008002906                SVC_Handler
 .text.DebugMon_Handler
                0x0000000008002908        0x2 Src/stm32f1xx_it.o
                0x0000000008002908                DebugMon_Handler
 .text.PendSV_Handler
                0x000000000800290a        0x2 Src/stm32f1xx_it.o
                0x000000000800290a                PendSV_Handler
 .text.SysTick_Handler
                0x000000000800290c        0xc Src/stm32f1xx_it.o
                0x000000000800290c                SysTick_Handler
 .text.TIM2_IRQHandler
                0x0000000008002918       0x10 Src/stm32f1xx_it.o
                0x0000000008002918                TIM2_IRQHandler
 .text.TIM4_IRQHandler
                0x0000000008002928       0x10 Src/stm32f1xx_it.o
                0x0000000008002928                TIM4_IRQHandler
 .text.USART1_IRQHandler
                0x0000000008002938       0x10 Src/stm32f1xx_it.o
                0x0000000008002938                USART1_IRQHandler
 .text.SystemInit
                0x0000000008002948       0x4c Src/system_stm32f1xx.o
                0x0000000008002948                SystemInit
 .text.Reset_Handler
                0x0000000008002994       0x48 startup/startup_stm32f103xb.o
                0x0000000008002994                Reset_Handler
 .text.Default_Handler
                0x00000000080029dc        0x2 startup/startup_stm32f103xb.o
                0x00000000080029dc                RTC_Alarm_IRQHandler
                0x00000000080029dc                EXTI2_IRQHandler
                0x00000000080029dc                TIM1_CC_IRQHandler
                0x00000000080029dc                PVD_IRQHandler
                0x00000000080029dc                EXTI3_IRQHandler
                0x00000000080029dc                EXTI0_IRQHandler
                0x00000000080029dc                I2C2_EV_IRQHandler
                0x00000000080029dc                ADC1_2_IRQHandler
                0x00000000080029dc                SPI1_IRQHandler
                0x00000000080029dc                TAMPER_IRQHandler
                0x00000000080029dc                DMA1_Channel4_IRQHandler
                0x00000000080029dc                USART3_IRQHandler
                0x00000000080029dc                RTC_IRQHandler
                0x00000000080029dc                DMA1_Channel7_IRQHandler
                0x00000000080029dc                CAN1_RX1_IRQHandler
                0x00000000080029dc                I2C1_EV_IRQHandler
                0x00000000080029dc                DMA1_Channel6_IRQHandler
                0x00000000080029dc                TIM3_IRQHandler
                0x00000000080029dc                RCC_IRQHandler
                0x00000000080029dc                TIM1_TRG_COM_IRQHandler
                0x00000000080029dc                DMA1_Channel1_IRQHandler
                0x00000000080029dc                Default_Handler
                0x00000000080029dc                EXTI15_10_IRQHandler
                0x00000000080029dc                EXTI9_5_IRQHandler
                0x00000000080029dc                SPI2_IRQHandler
                0x00000000080029dc                DMA1_Channel5_IRQHandler
                0x00000000080029dc                EXTI4_IRQHandler
                0x00000000080029dc                USB_LP_CAN1_RX0_IRQHandler
                0x00000000080029dc                USB_HP_CAN1_TX_IRQHandler
                0x00000000080029dc                DMA1_Channel3_IRQHandler
                0x00000000080029dc                TIM1_UP_IRQHandler
                0x00000000080029dc                WWDG_IRQHandler
                0x00000000080029dc                TIM1_BRK_IRQHandler
                0x00000000080029dc                EXTI1_IRQHandler
                0x00000000080029dc                USART2_IRQHandler
                0x00000000080029dc                I2C2_ER_IRQHandler
                0x00000000080029dc                DMA1_Channel2_IRQHandler
                0x00000000080029dc                CAN1_SCE_IRQHandler
                0x00000000080029dc                FLASH_IRQHandler
                0x00000000080029dc                I2C1_ER_IRQHandler
                0x00000000080029dc                USBWakeUp_IRQHandler
 *fill*         0x00000000080029de        0x2 
 .text.__libc_init_array
                0x00000000080029e0       0x48 c:/st/stm32cubeide_1.0.2/stm32cubeide/plugins/com.st.stm32cube.ide.mcu.externaltools.gnu-tools-for-stm32.7-2018-q2-update.win32_1.0.0.201904181610/tools/bin/../lib/gcc/arm-none-eabi/7.3.1/../../../../arm-none-eabi/lib/thumb/v7-m\libc_nano.a(lib_a-init.o)
                0x00000000080029e0                __libc_init_array
 .text.sprintf  0x0000000008002a28       0x40 c:/st/stm32cubeide_1.0.2/stm32cubeide/plugins/com.st.stm32cube.ide.mcu.externaltools.gnu-tools-for-stm32.7-2018-q2-update.win32_1.0.0.201904181610/tools/bin/../lib/gcc/arm-none-eabi/7.3.1/../../../../arm-none-eabi/lib/thumb/v7-m\libc_nano.a(lib_a-sprintf.o)
                0x0000000008002a28                siprintf
                0x0000000008002a28                sprintf
 .text.__ssputs_r
                0x0000000008002a68       0xb4 c:/st/stm32cubeide_1.0.2/stm32cubeide/plugins/com.st.stm32cube.ide.mcu.externaltools.gnu-tools-for-stm32.7-2018-q2-update.win32_1.0.0.201904181610/tools/bin/../lib/gcc/arm-none-eabi/7.3.1/../../../../arm-none-eabi/lib/thumb/v7-m\libc_nano.a(lib_a-nano-svfprintf.o)
                0x0000000008002a68                __ssputs_r
 .text._svfprintf_r
                0x0000000008002b1c      0x1f0 c:/st/stm32cubeide_1.0.2/stm32cubeide/plugins/com.st.stm32cube.ide.mcu.externaltools.gnu-tools-for-stm32.7-2018-q2-update.win32_1.0.0.201904181610/tools/bin/../lib/gcc/arm-none-eabi/7.3.1/../../../../arm-none-eabi/lib/thumb/v7-m\libc_nano.a(lib_a-nano-svfprintf.o)
                0x0000000008002b1c                _svfiprintf_r
                0x0000000008002b1c                _svfprintf_r
 .text._printf_common
                0x0000000008002d0c       0xec c:/st/stm32cubeide_1.0.2/stm32cubeide/plugins/com.st.stm32cube.ide.mcu.externaltools.gnu-tools-for-stm32.7-2018-q2-update.win32_1.0.0.201904181610/tools/bin/../lib/gcc/arm-none-eabi/7.3.1/../../../../arm-none-eabi/lib/thumb/v7-m\libc_nano.a(lib_a-nano-vfprintf_i.o)
                0x0000000008002d0c                _printf_common
 .text._printf_i
                0x0000000008002df8      0x224 c:/st/stm32cubeide_1.0.2/stm32cubeide/plugins/com.st.stm32cube.ide.mcu.externaltools.gnu-tools-for-stm32.7-2018-q2-update.win32_1.0.0.201904181610/tools/bin/../lib/gcc/arm-none-eabi/7.3.1/../../../../arm-none-eabi/lib/thumb/v7-m\libc_nano.a(lib_a-nano-vfprintf_i.o)
                0x0000000008002df8                _printf_i
 .text.memchr   0x000000000800301c       0x1c c:/st/stm32cubeide_1.0.2/stm32cubeide/plugins/com.st.stm32cube.ide.mcu.externaltools.gnu-tools-for-stm32.7-2018-q2-update.win32_1.0.0.201904181610/tools/bin/../lib/gcc/arm-none-eabi/7.3.1/../../../../arm-none-eabi/lib/thumb/v7-m\libc_nano.a(lib_a-memchr-stub.o)
                0x000000000800301c                memchr
 .text.memcpy   0x0000000008003038       0x16 c:/st/stm32cubeide_1.0.2/stm32cubeide/plugins/com.st.stm32cube.ide.mcu.externaltools.gnu-tools-for-stm32.7-2018-q2-update.win32_1.0.0.201904181610/tools/bin/../lib/gcc/arm-none-eabi/7.3.1/../../../../arm-none-eabi/lib/thumb/v7-m\libc_nano.a(lib_a-memcpy-stub.o)
                0x0000000008003038                memcpy
 .text.memmove  0x000000000800304e       0x32 c:/st/stm32cubeide_1.0.2/stm32cubeide/plugins/com.st.stm32cube.ide.mcu.externaltools.gnu-tools-for-stm32.7-2018-q2-update.win32_1.0.0.201904181610/tools/bin/../lib/gcc/arm-none-eabi/7.3.1/../../../../arm-none-eabi/lib/thumb/v7-m\libc_nano.a(lib_a-memmove.o)
                0x000000000800304e                memmove
 .text._free_r  0x0000000008003080       0x98 c:/st/stm32cubeide_1.0.2/stm32cubeide/plugins/com.st.stm32cube.ide.mcu.externaltools.gnu-tools-for-stm32.7-2018-q2-update.win32_1.0.0.201904181610/tools/bin/../lib/gcc/arm-none-eabi/7.3.1/../../../../arm-none-eabi/lib/thumb/v7-m\libc_nano.a(lib_a-nano-freer.o)
                0x0000000008003080                _free_r
 .text._malloc_r
                0x0000000008003118       0xb4 c:/st/stm32cubeide_1.0.2/stm32cubeide/plugins/com.st.stm32cube.ide.mcu.externaltools.gnu-tools-for-stm32.7-2018-q2-update.win32_1.0.0.201904181610/tools/bin/../lib/gcc/arm-none-eabi/7.3.1/../../../../arm-none-eabi/lib/thumb/v7-m\libc_nano.a(lib_a-nano-mallocr.o)
                0x0000000008003118                _malloc_r
 .text._realloc_r
                0x00000000080031cc       0x4c c:/st/stm32cubeide_1.0.2/stm32cubeide/plugins/com.st.stm32cube.ide.mcu.externaltools.gnu-tools-for-stm32.7-2018-q2-update.win32_1.0.0.201904181610/tools/bin/../lib/gcc/arm-none-eabi/7.3.1/../../../../arm-none-eabi/lib/thumb/v7-m\libc_nano.a(lib_a-nano-reallocr.o)
                0x00000000080031cc                _realloc_r
 .text._sbrk_r  0x0000000008003218       0x20 c:/st/stm32cubeide_1.0.2/stm32cubeide/plugins/com.st.stm32cube.ide.mcu.externaltools.gnu-tools-for-stm32.7-2018-q2-update.win32_1.0.0.201904181610/tools/bin/../lib/gcc/arm-none-eabi/7.3.1/../../../../arm-none-eabi/lib/thumb/v7-m\libc_nano.a(lib_a-sbrkr.o)
                0x0000000008003218                _sbrk_r
 .text.__malloc_lock
                0x0000000008003238        0x2 c:/st/stm32cubeide_1.0.2/stm32cubeide/plugins/com.st.stm32cube.ide.mcu.externaltools.gnu-tools-for-stm32.7-2018-q2-update.win32_1.0.0.201904181610/tools/bin/../lib/gcc/arm-none-eabi/7.3.1/../../../../arm-none-eabi/lib/thumb/v7-m\libc_nano.a(lib_a-mlock.o)
                0x0000000008003238                __malloc_lock
 .text.__malloc_unlock
                0x000000000800323a        0x2 c:/st/stm32cubeide_1.0.2/stm32cubeide/plugins/com.st.stm32cube.ide.mcu.externaltools.gnu-tools-for-stm32.7-2018-q2-update.win32_1.0.0.201904181610/tools/bin/../lib/gcc/arm-none-eabi/7.3.1/../../../../arm-none-eabi/lib/thumb/v7-m\libc_nano.a(lib_a-mlock.o)
                0x000000000800323a                __malloc_unlock
 .text._malloc_usable_size_r
                0x000000000800323c       0x10 c:/st/stm32cubeide_1.0.2/stm32cubeide/plugins/com.st.stm32cube.ide.mcu.externaltools.gnu-tools-for-stm32.7-2018-q2-update.win32_1.0.0.201904181610/tools/bin/../lib/gcc/arm-none-eabi/7.3.1/../../../../arm-none-eabi/lib/thumb/v7-m\libc_nano.a(lib_a-nano-msizer.o)
                0x000000000800323c                _malloc_usable_size_r
 .text._sbrk    0x000000000800324c       0x1c c:/st/stm32cubeide_1.0.2/stm32cubeide/plugins/com.st.stm32cube.ide.mcu.externaltools.gnu-tools-for-stm32.7-2018-q2-update.win32_1.0.0.201904181610/tools/bin/../lib/gcc/arm-none-eabi/7.3.1/../../../../arm-none-eabi/lib/thumb/v7-m\libnosys.a(sbrk.o)
                0x000000000800324c                _sbrk
 *(.glue_7)
 .glue_7        0x0000000008003268        0x0 linker stubs
 *(.glue_7t)
 .glue_7t       0x0000000008003268        0x0 linker stubs
 *(.eh_frame)
 .eh_frame      0x0000000008003268        0x0 c:/st/stm32cubeide_1.0.2/stm32cubeide/plugins/com.st.stm32cube.ide.mcu.externaltools.gnu-tools-for-stm32.7-2018-q2-update.win32_1.0.0.201904181610/tools/bin/../lib/gcc/arm-none-eabi/7.3.1/thumb/v7-m/crtbegin.o
 *(.init)
 .init          0x0000000008003268        0x4 c:/st/stm32cubeide_1.0.2/stm32cubeide/plugins/com.st.stm32cube.ide.mcu.externaltools.gnu-tools-for-stm32.7-2018-q2-update.win32_1.0.0.201904181610/tools/bin/../lib/gcc/arm-none-eabi/7.3.1/thumb/v7-m/crti.o
                0x0000000008003268                _init
 .init          0x000000000800326c        0x8 c:/st/stm32cubeide_1.0.2/stm32cubeide/plugins/com.st.stm32cube.ide.mcu.externaltools.gnu-tools-for-stm32.7-2018-q2-update.win32_1.0.0.201904181610/tools/bin/../lib/gcc/arm-none-eabi/7.3.1/thumb/v7-m/crtn.o
 *(.fini)
 .fini          0x0000000008003274        0x4 c:/st/stm32cubeide_1.0.2/stm32cubeide/plugins/com.st.stm32cube.ide.mcu.externaltools.gnu-tools-for-stm32.7-2018-q2-update.win32_1.0.0.201904181610/tools/bin/../lib/gcc/arm-none-eabi/7.3.1/thumb/v7-m/crti.o
                0x0000000008003274                _fini
 .fini          0x0000000008003278        0x8 c:/st/stm32cubeide_1.0.2/stm32cubeide/plugins/com.st.stm32cube.ide.mcu.externaltools.gnu-tools-for-stm32.7-2018-q2-update.win32_1.0.0.201904181610/tools/bin/../lib/gcc/arm-none-eabi/7.3.1/thumb/v7-m/crtn.o
                0x0000000008003280                . = ALIGN (0x4)
                0x0000000008003280                _etext = .

.vfp11_veneer   0x0000000008003280        0x0
 .vfp11_veneer  0x0000000008003280        0x0 linker stubs

.v4_bx          0x0000000008003280        0x0
 .v4_bx         0x0000000008003280        0x0 linker stubs

.iplt           0x0000000008003280        0x0
 .iplt          0x0000000008003280        0x0 c:/st/stm32cubeide_1.0.2/stm32cubeide/plugins/com.st.stm32cube.ide.mcu.externaltools.gnu-tools-for-stm32.7-2018-q2-update.win32_1.0.0.201904181610/tools/bin/../lib/gcc/arm-none-eabi/7.3.1/thumb/v7-m/crtbegin.o

.rodata         0x0000000008003280      0x1b0
                0x0000000008003280                . = ALIGN (0x4)
 *(.rodata)
 .rodata        0x0000000008003280       0x12 Drivers/STM32F1xx_HAL_Driver/Src/stm32f1xx_hal_rcc.o
 *fill*         0x0000000008003292        0x2 
 .rodata        0x0000000008003294       0x18 Src/system_stm32f1xx.o
                0x0000000008003294                AHBPrescTable
                0x00000000080032a4                APBPrescTable
 *(.rodata*)
 .rodata.str1.4
                0x00000000080032ac      0x150 Src/main.o
                                        0x151 (size before relaxing)
 .rodata._svfprintf_r.str1.1
                0x00000000080033fc       0x11 c:/st/stm32cubeide_1.0.2/stm32cubeide/plugins/com.st.stm32cube.ide.mcu.externaltools.gnu-tools-for-stm32.7-2018-q2-update.win32_1.0.0.201904181610/tools/bin/../lib/gcc/arm-none-eabi/7.3.1/../../../../arm-none-eabi/lib/thumb/v7-m\libc_nano.a(lib_a-nano-svfprintf.o)
 .rodata._printf_i.str1.1
                0x000000000800340d       0x22 c:/st/stm32cubeide_1.0.2/stm32cubeide/plugins/com.st.stm32cube.ide.mcu.externaltools.gnu-tools-for-stm32.7-2018-q2-update.win32_1.0.0.201904181610/tools/bin/../lib/gcc/arm-none-eabi/7.3.1/../../../../arm-none-eabi/lib/thumb/v7-m\libc_nano.a(lib_a-nano-vfprintf_i.o)
                0x0000000008003430                . = ALIGN (0x4)
 *fill*         0x000000000800342f        0x1 

.rel.dyn        0x0000000008003430        0x0
 .rel.iplt      0x0000000008003430        0x0 c:/st/stm32cubeide_1.0.2/stm32cubeide/plugins/com.st.stm32cube.ide.mcu.externaltools.gnu-tools-for-stm32.7-2018-q2-update.win32_1.0.0.201904181610/tools/bin/../lib/gcc/arm-none-eabi/7.3.1/thumb/v7-m/crtbegin.o

.ARM.extab
 *(.ARM.extab* .gnu.linkonce.armextab.*)

.ARM            0x0000000008003430        0x0
                0x0000000008003430                __exidx_start = .
 *(.ARM.exidx*)
                0x0000000008003430                __exidx_end = .

.preinit_array  0x0000000008003430        0x0
                0x0000000008003430                PROVIDE (__preinit_array_start = .)
 *(.preinit_array*)
                0x0000000008003430                PROVIDE (__preinit_array_end = .)

.init_array     0x0000000008003430        0x4
                0x0000000008003430                PROVIDE (__init_array_start = .)
 *(SORT_BY_NAME(.init_array.*))
 *(.init_array*)
 .init_array    0x0000000008003430        0x4 c:/st/stm32cubeide_1.0.2/stm32cubeide/plugins/com.st.stm32cube.ide.mcu.externaltools.gnu-tools-for-stm32.7-2018-q2-update.win32_1.0.0.201904181610/tools/bin/../lib/gcc/arm-none-eabi/7.3.1/thumb/v7-m/crtbegin.o
                0x0000000008003434                PROVIDE (__init_array_end = .)

.fini_array     0x0000000008003434        0x4
                [!provide]                        PROVIDE (__fini_array_start = .)
 *(SORT_BY_NAME(.fini_array.*))
 *(.fini_array*)
 .fini_array    0x0000000008003434        0x4 c:/st/stm32cubeide_1.0.2/stm32cubeide/plugins/com.st.stm32cube.ide.mcu.externaltools.gnu-tools-for-stm32.7-2018-q2-update.win32_1.0.0.201904181610/tools/bin/../lib/gcc/arm-none-eabi/7.3.1/thumb/v7-m/crtbegin.o
                [!provide]                        PROVIDE (__fini_array_end = .)
                0x0000000008003438                _sidata = LOADADDR (.data)

.data           0x0000000020000000       0x9c load address 0x0000000008003438
                0x0000000020000000                . = ALIGN (0x4)
                0x0000000020000000                _sdata = .
 *(.data)
 .data          0x0000000020000000        0x8 Drivers/STM32F1xx_HAL_Driver/Src/stm32f1xx_hal.o
                0x0000000020000000                uwTickFreq
                0x0000000020000004                uwTickPrio
 .data          0x0000000020000008       0x2c Src/main.o
                0x0000000020000008                Timeout_value
                0x000000002000000c                bouncing
                0x0000000020000010                Timeout_value2
                0x0000000020000014                bouncing2
                0x0000000020000018                Timeout_value3
                0x000000002000001c                bouncing3
                0x0000000020000020                Timeout_value4
                0x0000000020000024                bouncing4
                0x0000000020000028                Timeout_value5
                0x000000002000002c                bouncing5
                0x0000000020000030                totlap
 .data          0x0000000020000034        0x4 Src/system_stm32f1xx.o
                0x0000000020000034                SystemCoreClock
 *(.data*)
 .data._impure_ptr
                0x0000000020000038        0x4 c:/st/stm32cubeide_1.0.2/stm32cubeide/plugins/com.st.stm32cube.ide.mcu.externaltools.gnu-tools-for-stm32.7-2018-q2-update.win32_1.0.0.201904181610/tools/bin/../lib/gcc/arm-none-eabi/7.3.1/../../../../arm-none-eabi/lib/thumb/v7-m\libc_nano.a(lib_a-impure.o)
                0x0000000020000038                _impure_ptr
 .data.impure_data
                0x000000002000003c       0x60 c:/st/stm32cubeide_1.0.2/stm32cubeide/plugins/com.st.stm32cube.ide.mcu.externaltools.gnu-tools-for-stm32.7-2018-q2-update.win32_1.0.0.201904181610/tools/bin/../lib/gcc/arm-none-eabi/7.3.1/../../../../arm-none-eabi/lib/thumb/v7-m\libc_nano.a(lib_a-impure.o)
                0x000000002000009c                . = ALIGN (0x4)
                0x000000002000009c                _edata = .

.igot.plt       0x000000002000009c        0x0 load address 0x00000000080034d4
 .igot.plt      0x000000002000009c        0x0 c:/st/stm32cubeide_1.0.2/stm32cubeide/plugins/com.st.stm32cube.ide.mcu.externaltools.gnu-tools-for-stm32.7-2018-q2-update.win32_1.0.0.201904181610/tools/bin/../lib/gcc/arm-none-eabi/7.3.1/thumb/v7-m/crtbegin.o
                0x000000002000009c                . = ALIGN (0x4)

.bss            0x000000002000009c      0x1f0 load address 0x00000000080034d4
                0x000000002000009c                _sbss = .
                0x000000002000009c                __bss_start__ = _sbss
 *(.bss)
 .bss           0x000000002000009c       0x1c c:/st/stm32cubeide_1.0.2/stm32cubeide/plugins/com.st.stm32cube.ide.mcu.externaltools.gnu-tools-for-stm32.7-2018-q2-update.win32_1.0.0.201904181610/tools/bin/../lib/gcc/arm-none-eabi/7.3.1/thumb/v7-m/crtbegin.o
 .bss           0x00000000200000b8       0x60 Src/main.o
                0x00000000200000b8                Timeout_loop
                0x00000000200000bc                runstop
                0x00000000200000c0                Timeout_loop2
                0x00000000200000c4                ms
                0x00000000200000c8                dd
                0x00000000200000cc                mm
                0x00000000200000d0                lapA
                0x00000000200000d4                lapB
                0x00000000200000d8                lapC
                0x00000000200000dc                Timeout_loop3
                0x00000000200000e0                mslast1
                0x00000000200000e4                ddlast1
                0x00000000200000e8                mmlast1
                0x00000000200000ec                serial1
                0x00000000200000f0                Timeout_loop4
                0x00000000200000f4                mslast2
                0x00000000200000f8                ddlast2
                0x00000000200000fc                mmlast2
                0x0000000020000100                serial2
                0x0000000020000104                Timeout_loop5
                0x0000000020000108                mslast3
                0x000000002000010c                ddlast3
                0x0000000020000110                mmlast3
                0x0000000020000114                serial3
 *(.bss*)
 .bss.__malloc_free_list
                0x0000000020000118        0x4 c:/st/stm32cubeide_1.0.2/stm32cubeide/plugins/com.st.stm32cube.ide.mcu.externaltools.gnu-tools-for-stm32.7-2018-q2-update.win32_1.0.0.201904181610/tools/bin/../lib/gcc/arm-none-eabi/7.3.1/../../../../arm-none-eabi/lib/thumb/v7-m\libc_nano.a(lib_a-nano-mallocr.o)
                0x0000000020000118                __malloc_free_list
 .bss.__malloc_sbrk_start
                0x000000002000011c        0x4 c:/st/stm32cubeide_1.0.2/stm32cubeide/plugins/com.st.stm32cube.ide.mcu.externaltools.gnu-tools-for-stm32.7-2018-q2-update.win32_1.0.0.201904181610/tools/bin/../lib/gcc/arm-none-eabi/7.3.1/../../../../arm-none-eabi/lib/thumb/v7-m\libc_nano.a(lib_a-nano-mallocr.o)
                0x000000002000011c                __malloc_sbrk_start
 .bss.heap_end.4102
                0x0000000020000120        0x4 c:/st/stm32cubeide_1.0.2/stm32cubeide/plugins/com.st.stm32cube.ide.mcu.externaltools.gnu-tools-for-stm32.7-2018-q2-update.win32_1.0.0.201904181610/tools/bin/../lib/gcc/arm-none-eabi/7.3.1/../../../../arm-none-eabi/lib/thumb/v7-m\libnosys.a(sbrk.o)
 *(COMMON)
 COMMON         0x0000000020000124        0x4 Drivers/STM32F1xx_HAL_Driver/Src/stm32f1xx_hal.o
                0x0000000020000124                uwTick
 COMMON         0x0000000020000128      0x160 Src/main.o
                0x0000000020000128                htim4
                0x0000000020000168                mm2
                0x000000002000016c                ms2
                0x0000000020000170                hi2c2
                0x00000000200001c4                mm1
                0x00000000200001c8                ms1
                0x00000000200001cc                baffer
                0x00000000200001e0                huart1
                0x0000000020000220                dd1
                0x0000000020000224                buffer
                0x0000000020000238                mm3
                0x000000002000023c                ms3
                0x0000000020000240                htim2
                0x0000000020000280                dd2
                0x0000000020000284                dd3
 COMMON         0x0000000020000288        0x4 c:/st/stm32cubeide_1.0.2/stm32cubeide/plugins/com.st.stm32cube.ide.mcu.externaltools.gnu-tools-for-stm32.7-2018-q2-update.win32_1.0.0.201904181610/tools/bin/../lib/gcc/arm-none-eabi/7.3.1/../../../../arm-none-eabi/lib/thumb/v7-m\libc_nano.a(lib_a-reent.o)
                0x0000000020000288                errno
                0x000000002000028c                . = ALIGN (0x4)
                0x000000002000028c                _ebss = .
                0x000000002000028c                __bss_end__ = _ebss

._user_heap_stack
                0x000000002000028c      0x604 load address 0x00000000080034d4
                0x0000000020000290                . = ALIGN (0x8)
 *fill*         0x000000002000028c        0x4 
                0x0000000020000290                PROVIDE (end = .)
                [!provide]                        PROVIDE (_end = .)
                0x0000000020000490                . = (. + _Min_Heap_Size)
 *fill*         0x0000000020000290      0x200 
                0x0000000020000890                . = (. + _Min_Stack_Size)
 *fill*         0x0000000020000490      0x400 
                0x0000000020000890                . = ALIGN (0x8)

/DISCARD/
 libc.a(*)
 libm.a(*)
 libgcc.a(*)

.ARM.attributes
                0x0000000000000000       0x29
 *(.ARM.attributes)
 .ARM.attributes
                0x0000000000000000       0x1d c:/st/stm32cubeide_1.0.2/stm32cubeide/plugins/com.st.stm32cube.ide.mcu.externaltools.gnu-tools-for-stm32.7-2018-q2-update.win32_1.0.0.201904181610/tools/bin/../lib/gcc/arm-none-eabi/7.3.1/thumb/v7-m/crti.o
 .ARM.attributes
                0x000000000000001d       0x2d c:/st/stm32cubeide_1.0.2/stm32cubeide/plugins/com.st.stm32cube.ide.mcu.externaltools.gnu-tools-for-stm32.7-2018-q2-update.win32_1.0.0.201904181610/tools/bin/../lib/gcc/arm-none-eabi/7.3.1/thumb/v7-m/crtbegin.o
 .ARM.attributes
                0x000000000000004a       0x33 Drivers/STM32F1xx_HAL_Driver/Src/stm32f1xx_hal.o
 .ARM.attributes
                0x000000000000007d       0x33 Drivers/STM32F1xx_HAL_Driver/Src/stm32f1xx_hal_cortex.o
 .ARM.attributes
                0x00000000000000b0       0x33 Drivers/STM32F1xx_HAL_Driver/Src/stm32f1xx_hal_dma.o
 .ARM.attributes
                0x00000000000000e3       0x33 Drivers/STM32F1xx_HAL_Driver/Src/stm32f1xx_hal_gpio.o
 .ARM.attributes
                0x0000000000000116       0x33 Drivers/STM32F1xx_HAL_Driver/Src/stm32f1xx_hal_i2c.o
 .ARM.attributes
                0x0000000000000149       0x33 Drivers/STM32F1xx_HAL_Driver/Src/stm32f1xx_hal_rcc.o
 .ARM.attributes
                0x000000000000017c       0x33 Drivers/STM32F1xx_HAL_Driver/Src/stm32f1xx_hal_tim.o
 .ARM.attributes
                0x00000000000001af       0x33 Drivers/STM32F1xx_HAL_Driver/Src/stm32f1xx_hal_tim_ex.o
 .ARM.attributes
                0x00000000000001e2       0x33 Drivers/STM32F1xx_HAL_Driver/Src/stm32f1xx_hal_uart.o
 .ARM.attributes
                0x0000000000000215       0x33 Src/i2c-lcd.o
 .ARM.attributes
                0x0000000000000248       0x33 Src/main.o
 .ARM.attributes
                0x000000000000027b       0x33 Src/stm32f1xx_hal_msp.o
 .ARM.attributes
                0x00000000000002ae       0x33 Src/stm32f1xx_it.o
 .ARM.attributes
                0x00000000000002e1       0x33 Src/system_stm32f1xx.o
 .ARM.attributes
                0x0000000000000314       0x21 startup/startup_stm32f103xb.o
 .ARM.attributes
                0x0000000000000335       0x2d c:/st/stm32cubeide_1.0.2/stm32cubeide/plugins/com.st.stm32cube.ide.mcu.externaltools.gnu-tools-for-stm32.7-2018-q2-update.win32_1.0.0.201904181610/tools/bin/../lib/gcc/arm-none-eabi/7.3.1/../../../../arm-none-eabi/lib/thumb/v7-m\libc_nano.a(lib_a-impure.o)
 .ARM.attributes
                0x0000000000000362       0x2d c:/st/stm32cubeide_1.0.2/stm32cubeide/plugins/com.st.stm32cube.ide.mcu.externaltools.gnu-tools-for-stm32.7-2018-q2-update.win32_1.0.0.201904181610/tools/bin/../lib/gcc/arm-none-eabi/7.3.1/../../../../arm-none-eabi/lib/thumb/v7-m\libc_nano.a(lib_a-init.o)
 .ARM.attributes
                0x000000000000038f       0x2d c:/st/stm32cubeide_1.0.2/stm32cubeide/plugins/com.st.stm32cube.ide.mcu.externaltools.gnu-tools-for-stm32.7-2018-q2-update.win32_1.0.0.201904181610/tools/bin/../lib/gcc/arm-none-eabi/7.3.1/../../../../arm-none-eabi/lib/thumb/v7-m\libc_nano.a(lib_a-sprintf.o)
 .ARM.attributes
                0x00000000000003bc       0x2d c:/st/stm32cubeide_1.0.2/stm32cubeide/plugins/com.st.stm32cube.ide.mcu.externaltools.gnu-tools-for-stm32.7-2018-q2-update.win32_1.0.0.201904181610/tools/bin/../lib/gcc/arm-none-eabi/7.3.1/../../../../arm-none-eabi/lib/thumb/v7-m\libc_nano.a(lib_a-nano-svfprintf.o)
 .ARM.attributes
                0x00000000000003e9       0x2d c:/st/stm32cubeide_1.0.2/stm32cubeide/plugins/com.st.stm32cube.ide.mcu.externaltools.gnu-tools-for-stm32.7-2018-q2-update.win32_1.0.0.201904181610/tools/bin/../lib/gcc/arm-none-eabi/7.3.1/../../../../arm-none-eabi/lib/thumb/v7-m\libc_nano.a(lib_a-nano-vfprintf_i.o)
 .ARM.attributes
                0x0000000000000416       0x2d c:/st/stm32cubeide_1.0.2/stm32cubeide/plugins/com.st.stm32cube.ide.mcu.externaltools.gnu-tools-for-stm32.7-2018-q2-update.win32_1.0.0.201904181610/tools/bin/../lib/gcc/arm-none-eabi/7.3.1/../../../../arm-none-eabi/lib/thumb/v7-m\libc_nano.a(lib_a-memchr-stub.o)
 .ARM.attributes
                0x0000000000000443       0x2d c:/st/stm32cubeide_1.0.2/stm32cubeide/plugins/com.st.stm32cube.ide.mcu.externaltools.gnu-tools-for-stm32.7-2018-q2-update.win32_1.0.0.201904181610/tools/bin/../lib/gcc/arm-none-eabi/7.3.1/../../../../arm-none-eabi/lib/thumb/v7-m\libc_nano.a(lib_a-memcpy-stub.o)
 .ARM.attributes
                0x0000000000000470       0x2d c:/st/stm32cubeide_1.0.2/stm32cubeide/plugins/com.st.stm32cube.ide.mcu.externaltools.gnu-tools-for-stm32.7-2018-q2-update.win32_1.0.0.201904181610/tools/bin/../lib/gcc/arm-none-eabi/7.3.1/../../../../arm-none-eabi/lib/thumb/v7-m\libc_nano.a(lib_a-memmove.o)
 .ARM.attributes
                0x000000000000049d       0x2d c:/st/stm32cubeide_1.0.2/stm32cubeide/plugins/com.st.stm32cube.ide.mcu.externaltools.gnu-tools-for-stm32.7-2018-q2-update.win32_1.0.0.201904181610/tools/bin/../lib/gcc/arm-none-eabi/7.3.1/../../../../arm-none-eabi/lib/thumb/v7-m\libc_nano.a(lib_a-nano-freer.o)
 .ARM.attributes
                0x00000000000004ca       0x2d c:/st/stm32cubeide_1.0.2/stm32cubeide/plugins/com.st.stm32cube.ide.mcu.externaltools.gnu-tools-for-stm32.7-2018-q2-update.win32_1.0.0.201904181610/tools/bin/../lib/gcc/arm-none-eabi/7.3.1/../../../../arm-none-eabi/lib/thumb/v7-m\libc_nano.a(lib_a-nano-mallocr.o)
 .ARM.attributes
                0x00000000000004f7       0x2d c:/st/stm32cubeide_1.0.2/stm32cubeide/plugins/com.st.stm32cube.ide.mcu.externaltools.gnu-tools-for-stm32.7-2018-q2-update.win32_1.0.0.201904181610/tools/bin/../lib/gcc/arm-none-eabi/7.3.1/../../../../arm-none-eabi/lib/thumb/v7-m\libc_nano.a(lib_a-nano-reallocr.o)
 .ARM.attributes
                0x0000000000000524       0x2d c:/st/stm32cubeide_1.0.2/stm32cubeide/plugins/com.st.stm32cube.ide.mcu.externaltools.gnu-tools-for-stm32.7-2018-q2-update.win32_1.0.0.201904181610/tools/bin/../lib/gcc/arm-none-eabi/7.3.1/../../../../arm-none-eabi/lib/thumb/v7-m\libc_nano.a(lib_a-sbrkr.o)
 .ARM.attributes
                0x0000000000000551       0x2d c:/st/stm32cubeide_1.0.2/stm32cubeide/plugins/com.st.stm32cube.ide.mcu.externaltools.gnu-tools-for-stm32.7-2018-q2-update.win32_1.0.0.201904181610/tools/bin/../lib/gcc/arm-none-eabi/7.3.1/../../../../arm-none-eabi/lib/thumb/v7-m\libc_nano.a(lib_a-mlock.o)
 .ARM.attributes
                0x000000000000057e       0x2d c:/st/stm32cubeide_1.0.2/stm32cubeide/plugins/com.st.stm32cube.ide.mcu.externaltools.gnu-tools-for-stm32.7-2018-q2-update.win32_1.0.0.201904181610/tools/bin/../lib/gcc/arm-none-eabi/7.3.1/../../../../arm-none-eabi/lib/thumb/v7-m\libc_nano.a(lib_a-nano-msizer.o)
 .ARM.attributes
                0x00000000000005ab       0x2d c:/st/stm32cubeide_1.0.2/stm32cubeide/plugins/com.st.stm32cube.ide.mcu.externaltools.gnu-tools-for-stm32.7-2018-q2-update.win32_1.0.0.201904181610/tools/bin/../lib/gcc/arm-none-eabi/7.3.1/../../../../arm-none-eabi/lib/thumb/v7-m\libc_nano.a(lib_a-reent.o)
 .ARM.attributes
                0x00000000000005d8       0x2d c:/st/stm32cubeide_1.0.2/stm32cubeide/plugins/com.st.stm32cube.ide.mcu.externaltools.gnu-tools-for-stm32.7-2018-q2-update.win32_1.0.0.201904181610/tools/bin/../lib/gcc/arm-none-eabi/7.3.1/../../../../arm-none-eabi/lib/thumb/v7-m\libnosys.a(sbrk.o)
 .ARM.attributes
                0x0000000000000605       0x1d c:/st/stm32cubeide_1.0.2/stm32cubeide/plugins/com.st.stm32cube.ide.mcu.externaltools.gnu-tools-for-stm32.7-2018-q2-update.win32_1.0.0.201904181610/tools/bin/../lib/gcc/arm-none-eabi/7.3.1/thumb/v7-m/crtn.o
OUTPUT(01Menghitung_LAP_Balap.elf elf32-littlearm)

.debug_info     0x0000000000000000    0x167bc
 .debug_info    0x0000000000000000      0xf96 Drivers/STM32F1xx_HAL_Driver/Src/stm32f1xx_hal.o
 .debug_info    0x0000000000000f96     0x1465 Drivers/STM32F1xx_HAL_Driver/Src/stm32f1xx_hal_cortex.o
 .debug_info    0x00000000000023fb     0x1004 Drivers/STM32F1xx_HAL_Driver/Src/stm32f1xx_hal_dma.o
 .debug_info    0x00000000000033ff      0xe77 Drivers/STM32F1xx_HAL_Driver/Src/stm32f1xx_hal_gpio.o
 .debug_info    0x0000000000004276     0x378a Drivers/STM32F1xx_HAL_Driver/Src/stm32f1xx_hal_i2c.o
 .debug_info    0x0000000000007a00     0x11df Drivers/STM32F1xx_HAL_Driver/Src/stm32f1xx_hal_rcc.o
 .debug_info    0x0000000000008bdf     0x3650 Drivers/STM32F1xx_HAL_Driver/Src/stm32f1xx_hal_tim.o
 .debug_info    0x000000000000c22f     0x1a98 Drivers/STM32F1xx_HAL_Driver/Src/stm32f1xx_hal_tim_ex.o
 .debug_info    0x000000000000dcc7     0x1e6b Drivers/STM32F1xx_HAL_Driver/Src/stm32f1xx_hal_uart.o
 .debug_info    0x000000000000fb32      0xf70 Src/i2c-lcd.o
 .debug_info    0x0000000000010aa2     0x2666 Src/main.o
 .debug_info    0x0000000000013108     0x197b Src/stm32f1xx_hal_msp.o
 .debug_info    0x0000000000014a83     0x1112 Src/stm32f1xx_it.o
 .debug_info    0x0000000000015b95      0xc05 Src/system_stm32f1xx.o
 .debug_info    0x000000000001679a       0x22 startup/startup_stm32f103xb.o

.debug_abbrev   0x0000000000000000     0x2467
 .debug_abbrev  0x0000000000000000      0x2bc Drivers/STM32F1xx_HAL_Driver/Src/stm32f1xx_hal.o
 .debug_abbrev  0x00000000000002bc      0x3a4 Drivers/STM32F1xx_HAL_Driver/Src/stm32f1xx_hal_cortex.o
 .debug_abbrev  0x0000000000000660      0x2ad Drivers/STM32F1xx_HAL_Driver/Src/stm32f1xx_hal_dma.o
 .debug_abbrev  0x000000000000090d      0x26f Drivers/STM32F1xx_HAL_Driver/Src/stm32f1xx_hal_gpio.o
 .debug_abbrev  0x0000000000000b7c      0x2d0 Drivers/STM32F1xx_HAL_Driver/Src/stm32f1xx_hal_i2c.o
 .debug_abbrev  0x0000000000000e4c      0x2fd Drivers/STM32F1xx_HAL_Driver/Src/stm32f1xx_hal_rcc.o
 .debug_abbrev  0x0000000000001149      0x2b7 Drivers/STM32F1xx_HAL_Driver/Src/stm32f1xx_hal_tim.o
 .debug_abbrev  0x0000000000001400      0x2a8 Drivers/STM32F1xx_HAL_Driver/Src/stm32f1xx_hal_tim_ex.o
 .debug_abbrev  0x00000000000016a8      0x2d0 Drivers/STM32F1xx_HAL_Driver/Src/stm32f1xx_hal_uart.o
 .debug_abbrev  0x0000000000001978      0x220 Src/i2c-lcd.o
 .debug_abbrev  0x0000000000001b98      0x2b7 Src/main.o
 .debug_abbrev  0x0000000000001e4f      0x22d Src/stm32f1xx_hal_msp.o
 .debug_abbrev  0x000000000000207c      0x1e9 Src/stm32f1xx_it.o
 .debug_abbrev  0x0000000000002265      0x1f0 Src/system_stm32f1xx.o
 .debug_abbrev  0x0000000000002455       0x12 startup/startup_stm32f103xb.o

.debug_loc      0x0000000000000000     0xa7dd
 .debug_loc     0x0000000000000000       0xfd Drivers/STM32F1xx_HAL_Driver/Src/stm32f1xx_hal.o
 .debug_loc     0x00000000000000fd      0x5ad Drivers/STM32F1xx_HAL_Driver/Src/stm32f1xx_hal_cortex.o
 .debug_loc     0x00000000000006aa      0x7aa Drivers/STM32F1xx_HAL_Driver/Src/stm32f1xx_hal_dma.o
 .debug_loc     0x0000000000000e54      0x44e Drivers/STM32F1xx_HAL_Driver/Src/stm32f1xx_hal_gpio.o
 .debug_loc     0x00000000000012a2     0x31db Drivers/STM32F1xx_HAL_Driver/Src/stm32f1xx_hal_i2c.o
 .debug_loc     0x000000000000447d      0x4f6 Drivers/STM32F1xx_HAL_Driver/Src/stm32f1xx_hal_rcc.o
 .debug_loc     0x0000000000004973     0x367a Drivers/STM32F1xx_HAL_Driver/Src/stm32f1xx_hal_tim.o
 .debug_loc     0x0000000000007fed      0xf9e Drivers/STM32F1xx_HAL_Driver/Src/stm32f1xx_hal_tim_ex.o
 .debug_loc     0x0000000000008f8b     0x1529 Drivers/STM32F1xx_HAL_Driver/Src/stm32f1xx_hal_uart.o
 .debug_loc     0x000000000000a4b4       0xac Src/i2c-lcd.o
 .debug_loc     0x000000000000a560       0x42 Src/main.o
 .debug_loc     0x000000000000a5a2      0x15c Src/stm32f1xx_hal_msp.o
 .debug_loc     0x000000000000a6fe       0xdf Src/system_stm32f1xx.o

.debug_aranges  0x0000000000000000      0xd78
 .debug_aranges
                0x0000000000000000       0xd0 Drivers/STM32F1xx_HAL_Driver/Src/stm32f1xx_hal.o
 .debug_aranges
                0x00000000000000d0       0x90 Drivers/STM32F1xx_HAL_Driver/Src/stm32f1xx_hal_cortex.o
 .debug_aranges
                0x0000000000000160       0x80 Drivers/STM32F1xx_HAL_Driver/Src/stm32f1xx_hal_dma.o
 .debug_aranges
                0x00000000000001e0       0x58 Drivers/STM32F1xx_HAL_Driver/Src/stm32f1xx_hal_gpio.o
 .debug_aranges
                0x0000000000000238      0x268 Drivers/STM32F1xx_HAL_Driver/Src/stm32f1xx_hal_i2c.o
 .debug_aranges
                0x00000000000004a0       0x90 Drivers/STM32F1xx_HAL_Driver/Src/stm32f1xx_hal_rcc.o
 .debug_aranges
                0x0000000000000530      0x368 Drivers/STM32F1xx_HAL_Driver/Src/stm32f1xx_hal_tim.o
 .debug_aranges
                0x0000000000000898      0x138 Drivers/STM32F1xx_HAL_Driver/Src/stm32f1xx_hal_tim_ex.o
 .debug_aranges
                0x00000000000009d0      0x1d0 Drivers/STM32F1xx_HAL_Driver/Src/stm32f1xx_hal_uart.o
 .debug_aranges
                0x0000000000000ba0       0x38 Src/i2c-lcd.o
 .debug_aranges
                0x0000000000000bd8       0x88 Src/main.o
 .debug_aranges
                0x0000000000000c60       0x50 Src/stm32f1xx_hal_msp.o
 .debug_aranges
                0x0000000000000cb0       0x78 Src/stm32f1xx_it.o
 .debug_aranges
                0x0000000000000d28       0x28 Src/system_stm32f1xx.o
 .debug_aranges
                0x0000000000000d50       0x28 startup/startup_stm32f103xb.o

.debug_ranges   0x0000000000000000      0xd10
 .debug_ranges  0x0000000000000000       0xc0 Drivers/STM32F1xx_HAL_Driver/Src/stm32f1xx_hal.o
 .debug_ranges  0x00000000000000c0       0xe0 Drivers/STM32F1xx_HAL_Driver/Src/stm32f1xx_hal_cortex.o
 .debug_ranges  0x00000000000001a0       0x70 Drivers/STM32F1xx_HAL_Driver/Src/stm32f1xx_hal_dma.o
 .debug_ranges  0x0000000000000210       0x48 Drivers/STM32F1xx_HAL_Driver/Src/stm32f1xx_hal_gpio.o
 .debug_ranges  0x0000000000000258      0x258 Drivers/STM32F1xx_HAL_Driver/Src/stm32f1xx_hal_i2c.o
 .debug_ranges  0x00000000000004b0       0xa0 Drivers/STM32F1xx_HAL_Driver/Src/stm32f1xx_hal_rcc.o
 .debug_ranges  0x0000000000000550      0x358 Drivers/STM32F1xx_HAL_Driver/Src/stm32f1xx_hal_tim.o
 .debug_ranges  0x00000000000008a8      0x128 Drivers/STM32F1xx_HAL_Driver/Src/stm32f1xx_hal_tim_ex.o
 .debug_ranges  0x00000000000009d0      0x1c0 Drivers/STM32F1xx_HAL_Driver/Src/stm32f1xx_hal_uart.o
 .debug_ranges  0x0000000000000b90       0x28 Src/i2c-lcd.o
 .debug_ranges  0x0000000000000bb8       0x78 Src/main.o
 .debug_ranges  0x0000000000000c30       0x40 Src/stm32f1xx_hal_msp.o
 .debug_ranges  0x0000000000000c70       0x68 Src/stm32f1xx_it.o
 .debug_ranges  0x0000000000000cd8       0x18 Src/system_stm32f1xx.o
 .debug_ranges  0x0000000000000cf0       0x20 startup/startup_stm32f103xb.o

.debug_macro    0x0000000000000000    0x15e4a
 .debug_macro   0x0000000000000000      0x321 Drivers/STM32F1xx_HAL_Driver/Src/stm32f1xx_hal.o
 .debug_macro   0x0000000000000321      0xa60 Drivers/STM32F1xx_HAL_Driver/Src/stm32f1xx_hal.o
 .debug_macro   0x0000000000000d81       0x58 Drivers/STM32F1xx_HAL_Driver/Src/stm32f1xx_hal.o
 .debug_macro   0x0000000000000dd9      0x16f Drivers/STM32F1xx_HAL_Driver/Src/stm32f1xx_hal.o
 .debug_macro   0x0000000000000f48       0x2e Drivers/STM32F1xx_HAL_Driver/Src/stm32f1xx_hal.o
 .debug_macro   0x0000000000000f76       0x22 Drivers/STM32F1xx_HAL_Driver/Src/stm32f1xx_hal.o
 .debug_macro   0x0000000000000f98       0x22 Drivers/STM32F1xx_HAL_Driver/Src/stm32f1xx_hal.o
 .debug_macro   0x0000000000000fba       0x8e Drivers/STM32F1xx_HAL_Driver/Src/stm32f1xx_hal.o
 .debug_macro   0x0000000000001048       0x51 Drivers/STM32F1xx_HAL_Driver/Src/stm32f1xx_hal.o
 .debug_macro   0x0000000000001099       0xef Drivers/STM32F1xx_HAL_Driver/Src/stm32f1xx_hal.o
 .debug_macro   0x0000000000001188       0x6a Drivers/STM32F1xx_HAL_Driver/Src/stm32f1xx_hal.o
 .debug_macro   0x00000000000011f2      0x1df Drivers/STM32F1xx_HAL_Driver/Src/stm32f1xx_hal.o
 .debug_macro   0x00000000000013d1       0x34 Drivers/STM32F1xx_HAL_Driver/Src/stm32f1xx_hal.o
 .debug_macro   0x0000000000001405       0x34 Drivers/STM32F1xx_HAL_Driver/Src/stm32f1xx_hal.o
 .debug_macro   0x0000000000001439      0xb8e Drivers/STM32F1xx_HAL_Driver/Src/stm32f1xx_hal.o
 .debug_macro   0x0000000000001fc7     0xe90a Drivers/STM32F1xx_HAL_Driver/Src/stm32f1xx_hal.o
 .debug_macro   0x00000000000108d1       0x43 Drivers/STM32F1xx_HAL_Driver/Src/stm32f1xx_hal.o
 .debug_macro   0x0000000000010914       0x46 Drivers/STM32F1xx_HAL_Driver/Src/stm32f1xx_hal.o
 .debug_macro   0x000000000001095a       0x18 Drivers/STM32F1xx_HAL_Driver/Src/stm32f1xx_hal.o
 .debug_macro   0x0000000000010972       0x3c Drivers/STM32F1xx_HAL_Driver/Src/stm32f1xx_hal.o
 .debug_macro   0x00000000000109ae       0x34 Drivers/STM32F1xx_HAL_Driver/Src/stm32f1xx_hal.o
 .debug_macro   0x00000000000109e2       0x16 Drivers/STM32F1xx_HAL_Driver/Src/stm32f1xx_hal.o
 .debug_macro   0x00000000000109f8       0x97 Drivers/STM32F1xx_HAL_Driver/Src/stm32f1xx_hal.o
 .debug_macro   0x0000000000010a8f      0x330 Drivers/STM32F1xx_HAL_Driver/Src/stm32f1xx_hal.o
 .debug_macro   0x0000000000010dbf       0xfd Drivers/STM32F1xx_HAL_Driver/Src/stm32f1xx_hal.o
 .debug_macro   0x0000000000010ebc       0x10 Drivers/STM32F1xx_HAL_Driver/Src/stm32f1xx_hal.o
 .debug_macro   0x0000000000010ecc       0x52 Drivers/STM32F1xx_HAL_Driver/Src/stm32f1xx_hal.o
 .debug_macro   0x0000000000010f1e       0x1f Drivers/STM32F1xx_HAL_Driver/Src/stm32f1xx_hal.o
 .debug_macro   0x0000000000010f3d       0x43 Drivers/STM32F1xx_HAL_Driver/Src/stm32f1xx_hal.o
 .debug_macro   0x0000000000010f80       0x20 Drivers/STM32F1xx_HAL_Driver/Src/stm32f1xx_hal.o
 .debug_macro   0x0000000000010fa0      0x1a3 Drivers/STM32F1xx_HAL_Driver/Src/stm32f1xx_hal.o
 .debug_macro   0x0000000000011143       0x10 Drivers/STM32F1xx_HAL_Driver/Src/stm32f1xx_hal.o
 .debug_macro   0x0000000000011153       0x1c Drivers/STM32F1xx_HAL_Driver/Src/stm32f1xx_hal.o
 .debug_macro   0x000000000001116f       0x52 Drivers/STM32F1xx_HAL_Driver/Src/stm32f1xx_hal.o
 .debug_macro   0x00000000000111c1       0x40 Drivers/STM32F1xx_HAL_Driver/Src/stm32f1xx_hal.o
 .debug_macro   0x0000000000011201       0x10 Drivers/STM32F1xx_HAL_Driver/Src/stm32f1xx_hal.o
 .debug_macro   0x0000000000011211       0x40 Drivers/STM32F1xx_HAL_Driver/Src/stm32f1xx_hal.o
 .debug_macro   0x0000000000011251       0xd7 Drivers/STM32F1xx_HAL_Driver/Src/stm32f1xx_hal.o
 .debug_macro   0x0000000000011328       0x1c Drivers/STM32F1xx_HAL_Driver/Src/stm32f1xx_hal.o
 .debug_macro   0x0000000000011344       0x3d Drivers/STM32F1xx_HAL_Driver/Src/stm32f1xx_hal.o
 .debug_macro   0x0000000000011381       0x16 Drivers/STM32F1xx_HAL_Driver/Src/stm32f1xx_hal.o
 .debug_macro   0x0000000000011397      0x145 Drivers/STM32F1xx_HAL_Driver/Src/stm32f1xx_hal.o
 .debug_macro   0x00000000000114dc       0x50 Drivers/STM32F1xx_HAL_Driver/Src/stm32f1xx_hal.o
 .debug_macro   0x000000000001152c      0x5c2 Drivers/STM32F1xx_HAL_Driver/Src/stm32f1xx_hal.o
 .debug_macro   0x0000000000011aee      0x28a Drivers/STM32F1xx_HAL_Driver/Src/stm32f1xx_hal.o
 .debug_macro   0x0000000000011d78      0x1cb Drivers/STM32F1xx_HAL_Driver/Src/stm32f1xx_hal.o
 .debug_macro   0x0000000000011f43      0x11e Drivers/STM32F1xx_HAL_Driver/Src/stm32f1xx_hal.o
 .debug_macro   0x0000000000012061      0x1b3 Drivers/STM32F1xx_HAL_Driver/Src/stm32f1xx_hal.o
 .debug_macro   0x0000000000012214       0x27 Drivers/STM32F1xx_HAL_Driver/Src/stm32f1xx_hal.o
 .debug_macro   0x000000000001223b      0x1bc Drivers/STM32F1xx_HAL_Driver/Src/stm32f1xx_hal.o
 .debug_macro   0x00000000000123f7       0x34 Drivers/STM32F1xx_HAL_Driver/Src/stm32f1xx_hal.o
 .debug_macro   0x000000000001242b       0x3c Drivers/STM32F1xx_HAL_Driver/Src/stm32f1xx_hal.o
 .debug_macro   0x0000000000012467       0x57 Drivers/STM32F1xx_HAL_Driver/Src/stm32f1xx_hal.o
 .debug_macro   0x00000000000124be       0x8c Drivers/STM32F1xx_HAL_Driver/Src/stm32f1xx_hal.o
 .debug_macro   0x000000000001254a      0x242 Drivers/STM32F1xx_HAL_Driver/Src/stm32f1xx_hal.o
 .debug_macro   0x000000000001278c      0x264 Drivers/STM32F1xx_HAL_Driver/Src/stm32f1xx_hal.o
 .debug_macro   0x00000000000129f0      0x143 Drivers/STM32F1xx_HAL_Driver/Src/stm32f1xx_hal.o
 .debug_macro   0x0000000000012b33      0x84c Drivers/STM32F1xx_HAL_Driver/Src/stm32f1xx_hal.o
 .debug_macro   0x000000000001337f       0x1f Drivers/STM32F1xx_HAL_Driver/Src/stm32f1xx_hal.o
 .debug_macro   0x000000000001339e      0x26b Drivers/STM32F1xx_HAL_Driver/Src/stm32f1xx_hal.o
 .debug_macro   0x0000000000013609       0x83 Drivers/STM32F1xx_HAL_Driver/Src/stm32f1xx_hal.o
 .debug_macro   0x000000000001368c      0x2fd Drivers/STM32F1xx_HAL_Driver/Src/stm32f1xx_hal_cortex.o
 .debug_macro   0x0000000000013989      0x2fd Drivers/STM32F1xx_HAL_Driver/Src/stm32f1xx_hal_dma.o
 .debug_macro   0x0000000000013c86      0x36d Drivers/STM32F1xx_HAL_Driver/Src/stm32f1xx_hal_gpio.o
 .debug_macro   0x0000000000013ff3      0x33d Drivers/STM32F1xx_HAL_Driver/Src/stm32f1xx_hal_i2c.o
 .debug_macro   0x0000000000014330      0x30f Drivers/STM32F1xx_HAL_Driver/Src/stm32f1xx_hal_rcc.o
 .debug_macro   0x000000000001463f      0x2fd Drivers/STM32F1xx_HAL_Driver/Src/stm32f1xx_hal_tim.o
 .debug_macro   0x000000000001493c      0x2fd Drivers/STM32F1xx_HAL_Driver/Src/stm32f1xx_hal_tim_ex.o
 .debug_macro   0x0000000000014c39      0x2fe Drivers/STM32F1xx_HAL_Driver/Src/stm32f1xx_hal_uart.o
 .debug_macro   0x0000000000014f37      0x307 Src/i2c-lcd.o
 .debug_macro   0x000000000001523e      0x305 Src/main.o
 .debug_macro   0x0000000000015543      0x2fd Src/stm32f1xx_hal_msp.o
 .debug_macro   0x0000000000015840      0x307 Src/stm32f1xx_it.o
 .debug_macro   0x0000000000015b47      0x303 Src/system_stm32f1xx.o

.debug_line     0x0000000000000000     0xb174
 .debug_line    0x0000000000000000      0x9bc Drivers/STM32F1xx_HAL_Driver/Src/stm32f1xx_hal.o
 .debug_line    0x00000000000009bc      0x9d4 Drivers/STM32F1xx_HAL_Driver/Src/stm32f1xx_hal_cortex.o
 .debug_line    0x0000000000001390      0xb87 Drivers/STM32F1xx_HAL_Driver/Src/stm32f1xx_hal_dma.o
 .debug_line    0x0000000000001f17      0x9b9 Drivers/STM32F1xx_HAL_Driver/Src/stm32f1xx_hal_gpio.o
 .debug_line    0x00000000000028d0     0x1a6b Drivers/STM32F1xx_HAL_Driver/Src/stm32f1xx_hal_i2c.o
 .debug_line    0x000000000000433b      0xad6 Drivers/STM32F1xx_HAL_Driver/Src/stm32f1xx_hal_rcc.o
 .debug_line    0x0000000000004e11     0x17d1 Drivers/STM32F1xx_HAL_Driver/Src/stm32f1xx_hal_tim.o
 .debug_line    0x00000000000065e2      0xd8b Drivers/STM32F1xx_HAL_Driver/Src/stm32f1xx_hal_tim_ex.o
 .debug_line    0x000000000000736d     0x10ed Drivers/STM32F1xx_HAL_Driver/Src/stm32f1xx_hal_uart.o
 .debug_line    0x000000000000845a      0x84b Src/i2c-lcd.o
 .debug_line    0x0000000000008ca5      0xaa4 Src/main.o
 .debug_line    0x0000000000009749      0x8b3 Src/stm32f1xx_hal_msp.o
 .debug_line    0x0000000000009ffc      0x8c2 Src/stm32f1xx_it.o
 .debug_line    0x000000000000a8be      0x839 Src/system_stm32f1xx.o
 .debug_line    0x000000000000b0f7       0x7d startup/startup_stm32f103xb.o

.debug_str      0x0000000000000000    0x742aa
 .debug_str     0x0000000000000000    0x70916 Drivers/STM32F1xx_HAL_Driver/Src/stm32f1xx_hal.o
                                      0x70cbd (size before relaxing)
 .debug_str     0x0000000000070916      0x2e1 Drivers/STM32F1xx_HAL_Driver/Src/stm32f1xx_hal_cortex.o
                                      0x70c12 (size before relaxing)
 .debug_str     0x0000000000070bf7      0x3e6 Drivers/STM32F1xx_HAL_Driver/Src/stm32f1xx_hal_dma.o
                                      0x70976 (size before relaxing)
 .debug_str     0x0000000000070fdd      0x3a5 Drivers/STM32F1xx_HAL_Driver/Src/stm32f1xx_hal_gpio.o
                                      0x70959 (size before relaxing)
 .debug_str     0x0000000000071382      0xced Drivers/STM32F1xx_HAL_Driver/Src/stm32f1xx_hal_i2c.o
                                      0x71492 (size before relaxing)
 .debug_str     0x000000000007206f      0x348 Drivers/STM32F1xx_HAL_Driver/Src/stm32f1xx_hal_rcc.o
                                      0x709ae (size before relaxing)
 .debug_str     0x00000000000723b7      0xf0d Drivers/STM32F1xx_HAL_Driver/Src/stm32f1xx_hal_tim.o
                                      0x716ae (size before relaxing)
 .debug_str     0x00000000000732c4      0x4f1 Drivers/STM32F1xx_HAL_Driver/Src/stm32f1xx_hal_tim_ex.o
                                      0x70f50 (size before relaxing)
 .debug_str     0x00000000000737b5      0x6b9 Drivers/STM32F1xx_HAL_Driver/Src/stm32f1xx_hal_uart.o
                                      0x70ec7 (size before relaxing)
 .debug_str     0x0000000000073e6e       0x77 Src/i2c-lcd.o
                                      0x709f6 (size before relaxing)
 .debug_str     0x0000000000073ee5      0x21e Src/main.o
                                      0x715d7 (size before relaxing)
 .debug_str     0x0000000000074103       0x25 Src/stm32f1xx_hal_msp.o
                                      0x7117b (size before relaxing)
 .debug_str     0x0000000000074128       0xea Src/stm32f1xx_it.o
                                      0x70ba0 (size before relaxing)
 .debug_str     0x0000000000074212       0x69 Src/system_stm32f1xx.o
                                      0x70604 (size before relaxing)
 .debug_str     0x000000000007427b       0x2f startup/startup_stm32f103xb.o
                                         0x69 (size before relaxing)

.comment        0x0000000000000000       0x7b
 .comment       0x0000000000000000       0x7b Drivers/STM32F1xx_HAL_Driver/Src/stm32f1xx_hal.o
                                         0x7c (size before relaxing)
 .comment       0x000000000000007b       0x7c Drivers/STM32F1xx_HAL_Driver/Src/stm32f1xx_hal_cortex.o
 .comment       0x000000000000007b       0x7c Drivers/STM32F1xx_HAL_Driver/Src/stm32f1xx_hal_dma.o
 .comment       0x000000000000007b       0x7c Drivers/STM32F1xx_HAL_Driver/Src/stm32f1xx_hal_gpio.o
 .comment       0x000000000000007b       0x7c Drivers/STM32F1xx_HAL_Driver/Src/stm32f1xx_hal_i2c.o
 .comment       0x000000000000007b       0x7c Drivers/STM32F1xx_HAL_Driver/Src/stm32f1xx_hal_rcc.o
 .comment       0x000000000000007b       0x7c Drivers/STM32F1xx_HAL_Driver/Src/stm32f1xx_hal_tim.o
 .comment       0x000000000000007b       0x7c Drivers/STM32F1xx_HAL_Driver/Src/stm32f1xx_hal_tim_ex.o
 .comment       0x000000000000007b       0x7c Drivers/STM32F1xx_HAL_Driver/Src/stm32f1xx_hal_uart.o
 .comment       0x000000000000007b       0x7c Src/i2c-lcd.o
 .comment       0x000000000000007b       0x7c Src/main.o
 .comment       0x000000000000007b       0x7c Src/stm32f1xx_hal_msp.o
 .comment       0x000000000000007b       0x7c Src/stm32f1xx_it.o
 .comment       0x000000000000007b       0x7c Src/system_stm32f1xx.o

.debug_frame    0x0000000000000000     0x28c8
 .debug_frame   0x0000000000000000      0x1ac Drivers/STM32F1xx_HAL_Driver/Src/stm32f1xx_hal.o
 .debug_frame   0x00000000000001ac      0x12c Drivers/STM32F1xx_HAL_Driver/Src/stm32f1xx_hal_cortex.o
 .debug_frame   0x00000000000002d8      0x148 Drivers/STM32F1xx_HAL_Driver/Src/stm32f1xx_hal_dma.o
 .debug_frame   0x0000000000000420       0xd4 Drivers/STM32F1xx_HAL_Driver/Src/stm32f1xx_hal_gpio.o
 .debug_frame   0x00000000000004f4      0x87c Drivers/STM32F1xx_HAL_Driver/Src/stm32f1xx_hal_i2c.o
 .debug_frame   0x0000000000000d70      0x174 Drivers/STM32F1xx_HAL_Driver/Src/stm32f1xx_hal_rcc.o
 .debug_frame   0x0000000000000ee4      0x9e0 Drivers/STM32F1xx_HAL_Driver/Src/stm32f1xx_hal_tim.o
 .debug_frame   0x00000000000018c4      0x374 Drivers/STM32F1xx_HAL_Driver/Src/stm32f1xx_hal_tim_ex.o
 .debug_frame   0x0000000000001c38      0x4f0 Drivers/STM32F1xx_HAL_Driver/Src/stm32f1xx_hal_uart.o
 .debug_frame   0x0000000000002128       0x78 Src/i2c-lcd.o
 .debug_frame   0x00000000000021a0      0x1a0 Src/main.o
 .debug_frame   0x0000000000002340       0xd0 Src/stm32f1xx_hal_msp.o
 .debug_frame   0x0000000000002410       0xf0 Src/stm32f1xx_it.o
 .debug_frame   0x0000000000002500       0x30 Src/system_stm32f1xx.o
 .debug_frame   0x0000000000002530       0x2c c:/st/stm32cubeide_1.0.2/stm32cubeide/plugins/com.st.stm32cube.ide.mcu.externaltools.gnu-tools-for-stm32.7-2018-q2-update.win32_1.0.0.201904181610/tools/bin/../lib/gcc/arm-none-eabi/7.3.1/../../../../arm-none-eabi/lib/thumb/v7-m\libc_nano.a(lib_a-init.o)
 .debug_frame   0x000000000000255c       0x6c c:/st/stm32cubeide_1.0.2/stm32cubeide/plugins/com.st.stm32cube.ide.mcu.externaltools.gnu-tools-for-stm32.7-2018-q2-update.win32_1.0.0.201904181610/tools/bin/../lib/gcc/arm-none-eabi/7.3.1/../../../../arm-none-eabi/lib/thumb/v7-m\libc_nano.a(lib_a-sprintf.o)
 .debug_frame   0x00000000000025c8       0x90 c:/st/stm32cubeide_1.0.2/stm32cubeide/plugins/com.st.stm32cube.ide.mcu.externaltools.gnu-tools-for-stm32.7-2018-q2-update.win32_1.0.0.201904181610/tools/bin/../lib/gcc/arm-none-eabi/7.3.1/../../../../arm-none-eabi/lib/thumb/v7-m\libc_nano.a(lib_a-nano-svfprintf.o)
 .debug_frame   0x0000000000002658       0x60 c:/st/stm32cubeide_1.0.2/stm32cubeide/plugins/com.st.stm32cube.ide.mcu.externaltools.gnu-tools-for-stm32.7-2018-q2-update.win32_1.0.0.201904181610/tools/bin/../lib/gcc/arm-none-eabi/7.3.1/../../../../arm-none-eabi/lib/thumb/v7-m\libc_nano.a(lib_a-nano-vfprintf_i.o)
 .debug_frame   0x00000000000026b8       0x28 c:/st/stm32cubeide_1.0.2/stm32cubeide/plugins/com.st.stm32cube.ide.mcu.externaltools.gnu-tools-for-stm32.7-2018-q2-update.win32_1.0.0.201904181610/tools/bin/../lib/gcc/arm-none-eabi/7.3.1/../../../../arm-none-eabi/lib/thumb/v7-m\libc_nano.a(lib_a-memchr-stub.o)
 .debug_frame   0x00000000000026e0       0x28 c:/st/stm32cubeide_1.0.2/stm32cubeide/plugins/com.st.stm32cube.ide.mcu.externaltools.gnu-tools-for-stm32.7-2018-q2-update.win32_1.0.0.201904181610/tools/bin/../lib/gcc/arm-none-eabi/7.3.1/../../../../arm-none-eabi/lib/thumb/v7-m\libc_nano.a(lib_a-memcpy-stub.o)
 .debug_frame   0x0000000000002708       0x28 c:/st/stm32cubeide_1.0.2/stm32cubeide/plugins/com.st.stm32cube.ide.mcu.externaltools.gnu-tools-for-stm32.7-2018-q2-update.win32_1.0.0.201904181610/tools/bin/../lib/gcc/arm-none-eabi/7.3.1/../../../../arm-none-eabi/lib/thumb/v7-m\libc_nano.a(lib_a-memmove.o)
 .debug_frame   0x0000000000002730       0x38 c:/st/stm32cubeide_1.0.2/stm32cubeide/plugins/com.st.stm32cube.ide.mcu.externaltools.gnu-tools-for-stm32.7-2018-q2-update.win32_1.0.0.201904181610/tools/bin/../lib/gcc/arm-none-eabi/7.3.1/../../../../arm-none-eabi/lib/thumb/v7-m\libc_nano.a(lib_a-nano-freer.o)
 .debug_frame   0x0000000000002768       0x2c c:/st/stm32cubeide_1.0.2/stm32cubeide/plugins/com.st.stm32cube.ide.mcu.externaltools.gnu-tools-for-stm32.7-2018-q2-update.win32_1.0.0.201904181610/tools/bin/../lib/gcc/arm-none-eabi/7.3.1/../../../../arm-none-eabi/lib/thumb/v7-m\libc_nano.a(lib_a-nano-mallocr.o)
 .debug_frame   0x0000000000002794       0x3c c:/st/stm32cubeide_1.0.2/stm32cubeide/plugins/com.st.stm32cube.ide.mcu.externaltools.gnu-tools-for-stm32.7-2018-q2-update.win32_1.0.0.201904181610/tools/bin/../lib/gcc/arm-none-eabi/7.3.1/../../../../arm-none-eabi/lib/thumb/v7-m\libc_nano.a(lib_a-nano-reallocr.o)
 .debug_frame   0x00000000000027d0       0x2c c:/st/stm32cubeide_1.0.2/stm32cubeide/plugins/com.st.stm32cube.ide.mcu.externaltools.gnu-tools-for-stm32.7-2018-q2-update.win32_1.0.0.201904181610/tools/bin/../lib/gcc/arm-none-eabi/7.3.1/../../../../arm-none-eabi/lib/thumb/v7-m\libc_nano.a(lib_a-sbrkr.o)
 .debug_frame   0x00000000000027fc       0x30 c:/st/stm32cubeide_1.0.2/stm32cubeide/plugins/com.st.stm32cube.ide.mcu.externaltools.gnu-tools-for-stm32.7-2018-q2-update.win32_1.0.0.201904181610/tools/bin/../lib/gcc/arm-none-eabi/7.3.1/../../../../arm-none-eabi/lib/thumb/v7-m\libc_nano.a(lib_a-mlock.o)
 .debug_frame   0x000000000000282c       0x20 c:/st/stm32cubeide_1.0.2/stm32cubeide/plugins/com.st.stm32cube.ide.mcu.externaltools.gnu-tools-for-stm32.7-2018-q2-update.win32_1.0.0.201904181610/tools/bin/../lib/gcc/arm-none-eabi/7.3.1/../../../../arm-none-eabi/lib/thumb/v7-m\libc_nano.a(lib_a-nano-msizer.o)
 .debug_frame   0x000000000000284c       0x5c c:/st/stm32cubeide_1.0.2/stm32cubeide/plugins/com.st.stm32cube.ide.mcu.externaltools.gnu-tools-for-stm32.7-2018-q2-update.win32_1.0.0.201904181610/tools/bin/../lib/gcc/arm-none-eabi/7.3.1/../../../../arm-none-eabi/lib/thumb/v7-m\libc_nano.a(lib_a-reent.o)
 .debug_frame   0x00000000000028a8       0x20 c:/st/stm32cubeide_1.0.2/stm32cubeide/plugins/com.st.stm32cube.ide.mcu.externaltools.gnu-tools-for-stm32.7-2018-q2-update.win32_1.0.0.201904181610/tools/bin/../lib/gcc/arm-none-eabi/7.3.1/../../../../arm-none-eabi/lib/thumb/v7-m\libnosys.a(sbrk.o)
